SoftwareMJPEGDecoder.hpp:27:22:virtual uint32_t SoftwareMJPEGDecoder::getCurrentFrameNumber() const	0	static
SoftwareMJPEGDecoder.hpp:35:15:virtual MJPEGDecoder::AVIErrors SoftwareMJPEGDecoder::getLastError()	0	static
SoftwareMJPEGDecoder.cpp:205:6:virtual bool SoftwareMJPEGDecoder::hasVideo()	0	static
SoftwareMJPEGDecoder.cpp:512:10:virtual uint32_t SoftwareMJPEGDecoder::getNumberOfFrames()	0	static
SoftwareMJPEGDecoder.cpp:517:6:virtual void SoftwareMJPEGDecoder::getVideoInfo(touchgfx::VideoInformation*)	8	static
SoftwareMJPEGDecoder.hpp:6:7:SoftwareMJPEGDecoder::~SoftwareMJPEGDecoder()	0	static
SoftwareMJPEGDecoder.cpp:486:6:virtual bool SoftwareMJPEGDecoder::decodeThumbnail(uint32_t, uint8_t*, uint16_t, uint16_t)	8	static
SoftwareMJPEGDecoder.hpp:6:7:virtual SoftwareMJPEGDecoder::~SoftwareMJPEGDecoder()	8	static
SoftwareMJPEGDecoder.cpp:313:6:void SoftwareMJPEGDecoder::decodeMJPEGFrame(const uint8_t*, uint32_t, uint8_t*, uint16_t, uint16_t, uint32_t)	664	static
SoftwareMJPEGDecoder.cpp:20:1:SoftwareMJPEGDecoder::SoftwareMJPEGDecoder(uint8_t*)	0	static
SoftwareMJPEGDecoder.cpp:31:5:int SoftwareMJPEGDecoder::compare(uint32_t, const char*, uint32_t)	4	static
SoftwareMJPEGDecoder.cpp:46:17:uint32_t SoftwareMJPEGDecoder::getU32(uint32_t)	8	static
SoftwareMJPEGDecoder.cpp:61:17:uint32_t SoftwareMJPEGDecoder::getU16(uint32_t)	0	static
SoftwareMJPEGDecoder.cpp:76:16:const uint8_t* SoftwareMJPEGDecoder::readData(uint32_t, uint32_t)	16	static
SoftwareMJPEGDecoder.cpp:150:6:virtual bool SoftwareMJPEGDecoder::gotoNextFrame()	32	static
SoftwareMJPEGDecoder.cpp:386:6:virtual bool SoftwareMJPEGDecoder::decodeFrame(const touchgfx::Rect&, uint8_t*, uint32_t)	672	static
SoftwareMJPEGDecoder.cpp:492:6:virtual void SoftwareMJPEGDecoder::gotoFrame(uint32_t)	16	static
SoftwareMJPEGDecoder.cpp:210:6:void SoftwareMJPEGDecoder::readVideoHeader()	32	static
SoftwareMJPEGDecoder.cpp:187:6:virtual void SoftwareMJPEGDecoder::setVideoData(const uint8_t*, uint32_t)	0	static
SoftwareMJPEGDecoder.cpp:196:6:virtual void SoftwareMJPEGDecoder::setVideoData(touchgfx::VideoDataReader&)	8	static
SoftwareMJPEGDecoder.cpp:313:6:void SoftwareMJPEGDecoder::decodeMJPEGFrame(const uint8_t*, uint32_t, uint8_t*, uint16_t, uint16_t, uint32_t)	12	static
SoftwareMJPEGDecoder.cpp:99:6:virtual bool SoftwareMJPEGDecoder::decodeNextFrame(uint8_t*, uint16_t, uint16_t, uint32_t)	48	static
SoftwareMJPEGDecoder.cpp:531:8:size_t jpeg_read_file(FILE*, uint8_t*, uint32_t)	8	static
