ModelListener.hpp:18:18:virtual void ModelListener::AC_Setnewvalue(short unsigned int)	0	static
ModelListener.hpp:19:18:virtual void ModelListener::AC_SetOnOff(bool)	0	static
ModelListener.hpp:28:18:virtual void ModelListener::Light_Setnewvalue(uint16_t)	0	static
ModelListener.hpp:29:18:virtual void ModelListener::Temp_Setnewvalue(uint16_t)	0	static
ModelListener.hpp:30:18:virtual void ModelListener::Hump_Setnewvalue(uint16_t)	0	static
ModelListener.hpp:33:18:virtual void ModelListener::RTC_UpdateTime(uint8_t, uint8_t, uint8_t)	0	static
LIGHT_VIEWPresenter.hpp:28:13:LIGHT_VIEWPresenter::~LIGHT_VIEWPresenter()	0	static
LIGHT_VIEWPresenter.cpp:10:6:virtual void LIGHT_VIEWPresenter::activate()	0	static
LIGHT_VIEWPresenter.cpp:15:6:virtual void LIGHT_VIEWPresenter::deactivate()	0	static
LIGHT_VIEWPresenter.cpp:20:6:virtual void LIGHT_VIEWPresenter::LIGHT_Setnewvalue(uint16_t)	8	static
LIGHT_VIEWPresenter.cpp:25:6:virtual void LIGHT_VIEWPresenter::LIGHT_MB2Light(uint16_t)	8	static
LIGHT_VIEWPresenter.cpp:30:6:virtual void LIGHT_VIEWPresenter::LIGHT_Setnewvalue_0(bool)	8	static
LIGHT_VIEWPresenter.cpp:34:6:virtual void LIGHT_VIEWPresenter::LIGHT_Setnewvalue_1(bool)	8	static
LIGHT_VIEWPresenter.cpp:38:6:virtual void LIGHT_VIEWPresenter::LIGHT_Setnewvalue_2(bool)	8	static
LIGHT_VIEWPresenter.cpp:42:6:virtual void LIGHT_VIEWPresenter::LIGHT_Setnewvalue_3(bool)	8	static
LIGHT_VIEWPresenter.cpp:46:6:virtual void LIGHT_VIEWPresenter::LIGHT_Setnewvalue_4(bool)	8	static
LIGHT_VIEWPresenter.hpp:28:13:virtual LIGHT_VIEWPresenter::~LIGHT_VIEWPresenter()	8	static
LIGHT_VIEWPresenter.hpp:28:13:virtual void* LIGHT_VIEWPresenter::_ZThn4_N19LIGHT_VIEWPresenterD1Ev()	0	static
LIGHT_VIEWPresenter.hpp:28:13:virtual void* LIGHT_VIEWPresenter::_ZThn4_N19LIGHT_VIEWPresenterD0Ev()	8	static
LIGHT_VIEWPresenter.cpp:4:1:LIGHT_VIEWPresenter::LIGHT_VIEWPresenter(LIGHT_VIEWView&)	4	static
