ModelListener.hpp:18:18:virtual void ModelListener::AC_Setnewvalue(short unsigned int)	0	static
ModelListener.hpp:19:18:virtual void ModelListener::AC_SetOnOff(bool)	0	static
ModelListener.hpp:22:18:virtual void ModelListener::LIGHT_Setnewvalue_0(bool)	0	static
ModelListener.hpp:23:18:virtual void ModelListener::LIGHT_Setnewvalue_1(bool)	0	static
ModelListener.hpp:24:18:virtual void ModelListener::LIGHT_Setnewvalue_2(bool)	0	static
ModelListener.hpp:25:18:virtual void ModelListener::LIGHT_Setnewvalue_3(bool)	0	static
ModelListener.hpp:26:18:virtual void ModelListener::LIGHT_Setnewvalue_4(bool)	0	static
ModelListener.hpp:28:18:virtual void ModelListener::Light_Setnewvalue(uint16_t)	0	static
ModelListener.hpp:29:18:virtual void ModelListener::Temp_Setnewvalue(uint16_t)	0	static
ModelListener.hpp:30:18:virtual void ModelListener::Hump_Setnewvalue(uint16_t)	0	static
ModelListener.hpp:32:18:virtual void ModelListener::LIGHT_Setnewvalue(uint16_t)	0	static
ModelListener.hpp:33:18:virtual void ModelListener::RTC_UpdateTime(uint8_t, uint8_t, uint8_t)	0	static
ModelListener.hpp:34:18:virtual void ModelListener::LIGHT_MB2Light(uint16_t)	0	static
SLAVE_VIEWPresenter.hpp:28:13:SLAVE_VIEWPresenter::~SLAVE_VIEWPresenter()	0	static
SLAVE_VIEWPresenter.cpp:10:6:virtual void SLAVE_VIEWPresenter::activate()	0	static
SLAVE_VIEWPresenter.cpp:15:6:virtual void SLAVE_VIEWPresenter::deactivate()	0	static
SLAVE_VIEWPresenter.hpp:28:13:virtual SLAVE_VIEWPresenter::~SLAVE_VIEWPresenter()	8	static
SLAVE_VIEWPresenter.hpp:28:13:virtual void* SLAVE_VIEWPresenter::_ZThn4_N19SLAVE_VIEWPresenterD1Ev()	0	static
SLAVE_VIEWPresenter.hpp:28:13:virtual void* SLAVE_VIEWPresenter::_ZThn4_N19SLAVE_VIEWPresenterD0Ev()	8	static
SLAVE_VIEWPresenter.cpp:4:1:SLAVE_VIEWPresenter::SLAVE_VIEWPresenter(SLAVE_VIEWView&)	4	static
