HAL.hpp:124:18:virtual void touchgfx::HAL::setDisplayOrientation(touchgfx::DisplayOrientation)	0	static
HAL.hpp:635:18:virtual bool touchgfx::HAL::sampleKey(uint8_t&)	0	static
HAL.hpp:825:30:virtual touchgfx::FlashDataReader* touchgfx::HAL::getFlashDataReader() const	0	static
HAL.hpp:974:18:virtual void touchgfx::HAL::taskDelay(uint16_t)	0	static
HAL.hpp:1001:22:virtual uint16_t touchgfx::HAL::getTFTCurrentLine()	0	static
HAL.hpp:1012:21:virtual touchgfx::DMAType touchgfx::HAL::getDMAType()	0	static
core_cm7.h:2427:22:void SCB_CleanInvalidateDCache()	16	static,ignoring_inline_asm
TouchGFXGeneratedHAL.cpp:69:6:virtual void TouchGFXGeneratedHAL::configureInterrupts()	0	static
TouchGFXGeneratedHAL.cpp:87:6:virtual void TouchGFXGeneratedHAL::enableLCDControllerInterrupt()	0	static
TouchGFXGeneratedHAL.cpp:111:11:virtual uint16_t* TouchGFXGeneratedHAL::getTFTFrameBuffer() const	0	static
TouchGFXGeneratedHAL.cpp:116:6:virtual void TouchGFXGeneratedHAL::setTFTFrameBuffer(uint16_t*)	0	static
TouchGFXGeneratedHAL.cpp:142:6:virtual void TouchGFXGeneratedHAL::InvalidateCache()	0	static
DoubleBufferedVideoController.hpp:31:7:DoubleBufferedVideoController<1, 480, 272, 960, touchgfx::Bitmap::RGB565>::~DoubleBufferedVideoController()	0	static
TouchGFXGeneratedHAL.hpp:29:7:TouchGFXGeneratedHAL::~TouchGFXGeneratedHAL()	0	static
DoubleBufferedVideoController.hpp:82:10:void DoubleBufferedVideoController<no_streams, width, height, stride, output_format>::unregisterVideoWidget(touchgfx::VideoController::Handle) [with long unsigned int no_streams = 1; long unsigned int width = 480; long unsigned int height = 272; long unsigned int stride = 960; touchgfx::Bitmap::BitmapFormat output_format = touchgfx::Bitmap::RGB565]	0	static
DoubleBufferedVideoController.hpp:249:10:void DoubleBufferedVideoController<no_streams, width, height, stride, output_format>::draw(touchgfx::VideoController::Handle, const touchgfx::Rect&, const touchgfx::VideoWidget&) [with long unsigned int no_streams = 1; long unsigned int width = 480; long unsigned int height = 272; long unsigned int stride = 960; touchgfx::Bitmap::BitmapFormat output_format = touchgfx::Bitmap::RGB565]	0	static
TouchGFXGeneratedHAL.cpp:55:6:virtual void TouchGFXGeneratedHAL::initialize()	16	static
HAL.hpp:682:18:virtual void touchgfx::HAL::setFrameBufferStartAddresses(void*, void*, void*)	8	static
HAL.hpp:156:18:virtual void touchgfx::HAL::setFrameBufferSize(uint16_t, uint16_t)	8	static
DoubleBufferedVideoController.hpp:369:10:bool DoubleBufferedVideoController<no_streams, width, height, stride, output_format>::getIsPlaying(touchgfx::VideoController::Handle) [with long unsigned int no_streams = 1; long unsigned int width = 480; long unsigned int height = 272; long unsigned int stride = 960; touchgfx::Bitmap::BitmapFormat output_format = touchgfx::Bitmap::RGB565]	8	static
DoubleBufferedVideoController.hpp:363:10:void DoubleBufferedVideoController<no_streams, width, height, stride, output_format>::getVideoInformation(touchgfx::VideoController::Handle, touchgfx::VideoInformation*) [with long unsigned int no_streams = 1; long unsigned int width = 480; long unsigned int height = 272; long unsigned int stride = 960; touchgfx::Bitmap::BitmapFormat output_format = touchgfx::Bitmap::RGB565]	8	static
DoubleBufferedVideoController.hpp:102:14:uint32_t DoubleBufferedVideoController<no_streams, width, height, stride, output_format>::getCurrentFrameNumber(touchgfx::VideoController::Handle) [with long unsigned int no_streams = 1; long unsigned int width = 480; long unsigned int height = 272; long unsigned int stride = 960; touchgfx::Bitmap::BitmapFormat output_format = touchgfx::Bitmap::RGB565]	8	static
DoubleBufferedVideoController.hpp:109:10:void DoubleBufferedVideoController<no_streams, width, height, stride, output_format>::setFrameRate(touchgfx::VideoController::Handle, uint32_t, uint32_t) [with long unsigned int no_streams = 1; long unsigned int width = 480; long unsigned int height = 272; long unsigned int stride = 960; touchgfx::Bitmap::BitmapFormat output_format = touchgfx::Bitmap::RGB565]	8	static
TouchGFXGeneratedHAL.cpp:98:6:virtual bool TouchGFXGeneratedHAL::beginFrame()	0	static
TouchGFXGeneratedHAL.cpp:124:6:virtual void TouchGFXGeneratedHAL::flushFrameBuffer(const touchgfx::Rect&)	8	static
TouchGFXGeneratedHAL.cpp:137:6:virtual bool TouchGFXGeneratedHAL::blockCopy(void*, const void*, uint32_t)	0	static
HAL.hpp:603:18:virtual void touchgfx::HAL::backPorchExited()	8	static
TouchGFXGeneratedHAL.hpp:105:18:virtual void TouchGFXGeneratedHAL::flushFrameBuffer()	0	static
TouchGFXGeneratedHAL.hpp:29:7:virtual TouchGFXGeneratedHAL::~TouchGFXGeneratedHAL()	8	static
DoubleBufferedVideoController.hpp:31:7:virtual DoubleBufferedVideoController<1, 480, 272, 960, touchgfx::Bitmap::RGB565>::~DoubleBufferedVideoController()	8	static
HAL.hpp:298:28:virtual touchgfx::BlitOperations touchgfx::HAL::getBlitCaps()	0	static
HAL.hpp:1122:18:virtual void touchgfx::HAL::performDisplayOrientationChange()	8	static
DoubleBufferedVideoController.hpp:142:10:void DoubleBufferedVideoController<no_streams, width, height, stride, output_format>::setCommand(touchgfx::VideoController::Handle, touchgfx::VideoController::Command, uint32_t) [with long unsigned int no_streams = 1; long unsigned int width = 480; long unsigned int height = 272; long unsigned int stride = 960; touchgfx::Bitmap::BitmapFormat output_format = touchgfx::Bitmap::RGB565]	8	static
DoubleBufferedVideoController.hpp:191:10:bool DoubleBufferedVideoController<no_streams, width, height, stride, output_format>::updateFrame(touchgfx::VideoController::Handle, touchgfx::VideoWidget&) [with long unsigned int no_streams = 1; long unsigned int width = 480; long unsigned int height = 272; long unsigned int stride = 960; touchgfx::Bitmap::BitmapFormat output_format = touchgfx::Bitmap::RGB565]	16	static
DoubleBufferedVideoController.hpp:49:12:touchgfx::VideoController::Handle DoubleBufferedVideoController<no_streams, width, height, stride, output_format>::registerVideoWidget(touchgfx::VideoWidget&) [with long unsigned int no_streams = 1; long unsigned int width = 480; long unsigned int height = 272; long unsigned int stride = 960; touchgfx::Bitmap::BitmapFormat output_format = touchgfx::Bitmap::RGB565]	16	static
TouchGFXGeneratedHAL.cpp:75:6:virtual void TouchGFXGeneratedHAL::enableInterrupts()	0	static
TouchGFXGeneratedHAL.cpp:103:6:virtual void TouchGFXGeneratedHAL::endFrame()	16	static
TouchGFXGeneratedHAL.cpp:81:6:virtual void TouchGFXGeneratedHAL::disableInterrupts()	0	static,ignoring_inline_asm
TouchGFXGeneratedHAL.cpp:36:18:static touchgfx::VideoController& touchgfx::VideoController::getInstance()	0	static
TouchGFXGeneratedHAL.cpp:173:10:void HAL_LTDC_LineEventCallback(LTDC_HandleTypeDef*)	8	static
DoubleBufferedVideoController.hpp:298:10:void DoubleBufferedVideoController<no_streams, width, height, stride, output_format>::decoderTaskEntry() [with long unsigned int no_streams = 1; long unsigned int width = 480; long unsigned int height = 272; long unsigned int stride = 960; touchgfx::Bitmap::BitmapFormat output_format = touchgfx::Bitmap::RGB565]	32	static
TouchGFXGeneratedHAL.cpp:166:17:void videoTaskFunc(void*)	8	static
DoubleBufferedVideoController.hpp:463:10:void DoubleBufferedVideoController<no_streams, width, height, stride, output_format>::clearState(touchgfx::VideoController::Handle) [with long unsigned int no_streams = 1; long unsigned int width = 480; long unsigned int height = 272; long unsigned int stride = 960; touchgfx::Bitmap::BitmapFormat output_format = touchgfx::Bitmap::RGB565]	16	static
DoubleBufferedVideoController.hpp:134:10:void DoubleBufferedVideoController<no_streams, width, height, stride, output_format>::setVideoData(touchgfx::VideoController::Handle, touchgfx::VideoDataReader&) [with long unsigned int no_streams = 1; long unsigned int width = 480; long unsigned int height = 272; long unsigned int stride = 960; touchgfx::Bitmap::BitmapFormat output_format = touchgfx::Bitmap::RGB565]	16	static
DoubleBufferedVideoController.hpp:125:10:void DoubleBufferedVideoController<no_streams, width, height, stride, output_format>::setVideoData(touchgfx::VideoController::Handle, const uint8_t*, uint32_t) [with long unsigned int no_streams = 1; long unsigned int width = 480; long unsigned int height = 272; long unsigned int stride = 960; touchgfx::Bitmap::BitmapFormat output_format = touchgfx::Bitmap::RGB565]	16	static
TouchGFXGeneratedHAL.cpp:195:1:cpp)	16	static
