stm32f7xx_hal_msp.c:740:13:HAL_FMC_MspInit	48	static
stm32f7xx_hal_msp.c:858:13:HAL_FMC_MspDeInit	8	static
stm32f7xx_hal_msp.c:64:6:HAL_MspInit	16	static
stm32f7xx_hal_msp.c:88:6:HAL_CRC_MspInit	8	static
stm32f7xx_hal_msp.c:110:6:HAL_CRC_MspDeInit	0	static
stm32f7xx_hal_msp.c:132:6:HAL_DMA2D_MspInit	16	static
stm32f7xx_hal_msp.c:157:6:HAL_DMA2D_MspDeInit	8	static
stm32f7xx_hal_msp.c:182:6:HAL_I2C_MspInit	168	static
stm32f7xx_hal_msp.c:227:6:HAL_I2C_MspDeInit	8	static
stm32f7xx_hal_msp.c:258:6:HAL_LTDC_MspInit	192	static
stm32f7xx_hal_msp.c:374:6:HAL_LTDC_MspDeInit	8	static
stm32f7xx_hal_msp.c:443:6:HAL_QSPI_MspInit	72	static
stm32f7xx_hal_msp.c:506:6:HAL_QSPI_MspDeInit	8	static
stm32f7xx_hal_msp.c:543:6:HAL_RTC_MspInit	144	static
stm32f7xx_hal_msp.c:575:6:HAL_RTC_MspDeInit	0	static
stm32f7xx_hal_msp.c:597:6:HAL_UART_MspInit	200	static
stm32f7xx_hal_msp.c:691:6:HAL_UART_MspDeInit	8	static
stm32f7xx_hal_msp.c:846:6:HAL_SDRAM_MspInit	8	static
stm32f7xx_hal_msp.c:932:6:HAL_SDRAM_MspDeInit	8	static
