Archive member included to satisfy reference by file (symbol)

c:/st/stm32cubeide_1.8.0/stm32cubeide/plugins/com.st.stm32cube.ide.mcu.externaltools.gnu-tools-for-stm32.9-2020-q2-update.win32_2.0.0.202105311346/tools/bin/../lib/gcc/arm-none-eabi/9.3.1/../../../../arm-none-eabi/lib/thumb/v7e-m+fp/hard\libc_nano.a(lib_a-errno.o)
                              ./Core/Src/syscalls.o (__errno)
c:/st/stm32cubeide_1.8.0/stm32cubeide/plugins/com.st.stm32cube.ide.mcu.externaltools.gnu-tools-for-stm32.9-2020-q2-update.win32_2.0.0.202105311346/tools/bin/../lib/gcc/arm-none-eabi/9.3.1/../../../../arm-none-eabi/lib/thumb/v7e-m+fp/hard\libc_nano.a(lib_a-exit.o)
                              c:/st/stm32cubeide_1.8.0/stm32cubeide/plugins/com.st.stm32cube.ide.mcu.externaltools.gnu-tools-for-stm32.9-2020-q2-update.win32_2.0.0.202105311346/tools/bin/../lib/gcc/arm-none-eabi/9.3.1/../../../../arm-none-eabi/lib/thumb/v7e-m+fp/hard/crt0.o (exit)
c:/st/stm32cubeide_1.8.0/stm32cubeide/plugins/com.st.stm32cube.ide.mcu.externaltools.gnu-tools-for-stm32.9-2020-q2-update.win32_2.0.0.202105311346/tools/bin/../lib/gcc/arm-none-eabi/9.3.1/../../../../arm-none-eabi/lib/thumb/v7e-m+fp/hard\libc_nano.a(lib_a-findfp.o)
                              ./Middlewares/Third_Party/FreeRTOS/Source/tasks.o (__sf_fake_stderr)
c:/st/stm32cubeide_1.8.0/stm32cubeide/plugins/com.st.stm32cube.ide.mcu.externaltools.gnu-tools-for-stm32.9-2020-q2-update.win32_2.0.0.202105311346/tools/bin/../lib/gcc/arm-none-eabi/9.3.1/../../../../arm-none-eabi/lib/thumb/v7e-m+fp/hard\libc_nano.a(lib_a-fwalk.o)
                              c:/st/stm32cubeide_1.8.0/stm32cubeide/plugins/com.st.stm32cube.ide.mcu.externaltools.gnu-tools-for-stm32.9-2020-q2-update.win32_2.0.0.202105311346/tools/bin/../lib/gcc/arm-none-eabi/9.3.1/../../../../arm-none-eabi/lib/thumb/v7e-m+fp/hard\libc_nano.a(lib_a-findfp.o) (_fwalk)
c:/st/stm32cubeide_1.8.0/stm32cubeide/plugins/com.st.stm32cube.ide.mcu.externaltools.gnu-tools-for-stm32.9-2020-q2-update.win32_2.0.0.202105311346/tools/bin/../lib/gcc/arm-none-eabi/9.3.1/../../../../arm-none-eabi/lib/thumb/v7e-m+fp/hard\libc_nano.a(lib_a-impure.o)
                              c:/st/stm32cubeide_1.8.0/stm32cubeide/plugins/com.st.stm32cube.ide.mcu.externaltools.gnu-tools-for-stm32.9-2020-q2-update.win32_2.0.0.202105311346/tools/bin/../lib/gcc/arm-none-eabi/9.3.1/../../../../arm-none-eabi/lib/thumb/v7e-m+fp/hard\libc_nano.a(lib_a-exit.o) (_global_impure_ptr)
c:/st/stm32cubeide_1.8.0/stm32cubeide/plugins/com.st.stm32cube.ide.mcu.externaltools.gnu-tools-for-stm32.9-2020-q2-update.win32_2.0.0.202105311346/tools/bin/../lib/gcc/arm-none-eabi/9.3.1/../../../../arm-none-eabi/lib/thumb/v7e-m+fp/hard\libc_nano.a(lib_a-init.o)
                              c:/st/stm32cubeide_1.8.0/stm32cubeide/plugins/com.st.stm32cube.ide.mcu.externaltools.gnu-tools-for-stm32.9-2020-q2-update.win32_2.0.0.202105311346/tools/bin/../lib/gcc/arm-none-eabi/9.3.1/../../../../arm-none-eabi/lib/thumb/v7e-m+fp/hard/crt0.o (__libc_init_array)
c:/st/stm32cubeide_1.8.0/stm32cubeide/plugins/com.st.stm32cube.ide.mcu.externaltools.gnu-tools-for-stm32.9-2020-q2-update.win32_2.0.0.202105311346/tools/bin/../lib/gcc/arm-none-eabi/9.3.1/../../../../arm-none-eabi/lib/thumb/v7e-m+fp/hard\libc_nano.a(lib_a-lock.o)
                              c:/st/stm32cubeide_1.8.0/stm32cubeide/plugins/com.st.stm32cube.ide.mcu.externaltools.gnu-tools-for-stm32.9-2020-q2-update.win32_2.0.0.202105311346/tools/bin/../lib/gcc/arm-none-eabi/9.3.1/../../../../arm-none-eabi/lib/thumb/v7e-m+fp/hard\libc_nano.a(lib_a-findfp.o) (__retarget_lock_init_recursive)
c:/st/stm32cubeide_1.8.0/stm32cubeide/plugins/com.st.stm32cube.ide.mcu.externaltools.gnu-tools-for-stm32.9-2020-q2-update.win32_2.0.0.202105311346/tools/bin/../lib/gcc/arm-none-eabi/9.3.1/../../../../arm-none-eabi/lib/thumb/v7e-m+fp/hard\libc_nano.a(lib_a-memcpy-stub.o)
                              ./Middlewares/Third_Party/FreeRTOS/Source/CMSIS_RTOS_V2/cmsis_os2.o (memcpy)
c:/st/stm32cubeide_1.8.0/stm32cubeide/plugins/com.st.stm32cube.ide.mcu.externaltools.gnu-tools-for-stm32.9-2020-q2-update.win32_2.0.0.202105311346/tools/bin/../lib/gcc/arm-none-eabi/9.3.1/../../../../arm-none-eabi/lib/thumb/v7e-m+fp/hard\libc_nano.a(lib_a-memset.o)
                              c:/st/stm32cubeide_1.8.0/stm32cubeide/plugins/com.st.stm32cube.ide.mcu.externaltools.gnu-tools-for-stm32.9-2020-q2-update.win32_2.0.0.202105311346/tools/bin/../lib/gcc/arm-none-eabi/9.3.1/../../../../arm-none-eabi/lib/thumb/v7e-m+fp/hard/crt0.o (memset)
c:/st/stm32cubeide_1.8.0/stm32cubeide/plugins/com.st.stm32cube.ide.mcu.externaltools.gnu-tools-for-stm32.9-2020-q2-update.win32_2.0.0.202105311346/tools/bin/../lib/gcc/arm-none-eabi/9.3.1/../../../../arm-none-eabi/lib/thumb/v7e-m+fp/hard\libc_nano.a(lib_a-nano-mallocr.o)
[...]
Memory Configuration

Name             Origin             Length             Attributes
CCMRAM           0x0000000010000000 0x0000000000010000 xrw
RAM              0x0000000020000000 0x0000000000020000 xrw
FLASH            0x0000000008000000 0x0000000000100000 xr
*default*        0x0000000000000000 0xffffffffffffffff

Linker script and memory map

LOAD c:/st/stm32cubeide_1.8.0/stm32cubeide/plugins/com.st.stm32cube.ide.mcu.externaltools.gnu-tools-for-stm32.9-2020-q2-update.win32_2.0.0.202105311346/tools/bin/../lib/gcc/arm-none-eabi/9.3.1/thumb/v7e-m+fp/hard/crti.o
LOAD c:/st/stm32cubeide_1.8.0/stm32cubeide/plugins/com.st.stm32cube.ide.mcu.externaltools.gnu-tools-for-stm32.9-2020-q2-update.win32_2.0.0.202105311346/tools/bin/../lib/gcc/arm-none-eabi/9.3.1/thumb/v7e-m+fp/hard/crtbegin.o
LOAD c:/st/stm32cubeide_1.8.0/stm32cubeide/plugins/com.st.stm32cube.ide.mcu.externaltools.gnu-tools-for-stm32.9-2020-q2-update.win32_2.0.0.202105311346/tools/bin/../lib/gcc/arm-none-eabi/9.3.1/../../../../arm-none-eabi/lib/thumb/v7e-m+fp/hard/crt0.o
LOAD ./Core/Src/freertos.o
LOAD ./Core/Src/main.o
LOAD ./Core/Src/stm32f4xx_hal_msp.o
LOAD ./Core/Src/stm32f4xx_it.o
LOAD ./Core/Src/syscalls.o
LOAD ./Core/Src/sysmem.o
LOAD ./Core/Src/system_stm32f4xx.o
LOAD ./Core/Startup/startup_stm32f407vgtx.o
LOAD ./Drivers/STM32F4xx_HAL_Driver/Src/stm32f4xx_hal.o
LOAD ./Drivers/STM32F4xx_HAL_Driver/Src/stm32f4xx_hal_cortex.o
LOAD ./Drivers/STM32F4xx_HAL_Driver/Src/stm32f4xx_hal_dma.o
LOAD ./Drivers/STM32F4xx_HAL_Driver/Src/stm32f4xx_hal_dma_ex.o
LOAD ./Drivers/STM32F4xx_HAL_Driver/Src/stm32f4xx_hal_exti.o
LOAD ./Drivers/STM32F4xx_HAL_Driver/Src/stm32f4xx_hal_flash.o
LOAD ./Drivers/STM32F4xx_HAL_Driver/Src/stm32f4xx_hal_flash_ex.o
LOAD ./Drivers/STM32F4xx_HAL_Driver/Src/stm32f4xx_hal_flash_ramfunc.o
LOAD ./Drivers/STM32F4xx_HAL_Driver/Src/stm32f4xx_hal_gpio.o
LOAD ./Drivers/STM32F4xx_HAL_Driver/Src/stm32f4xx_hal_pwr.o
LOAD ./Drivers/STM32F4xx_HAL_Driver/Src/stm32f4xx_hal_pwr_ex.o
LOAD ./Drivers/STM32F4xx_HAL_Driver/Src/stm32f4xx_hal_rcc.o
LOAD ./Drivers/STM32F4xx_HAL_Driver/Src/stm32f4xx_hal_rcc_ex.o
LOAD ./Drivers/STM32F4xx_HAL_Driver/Src/stm32f4xx_hal_tim.o
LOAD ./Drivers/STM32F4xx_HAL_Driver/Src/stm32f4xx_hal_tim_ex.o
LOAD ./Drivers/STM32F4xx_HAL_Driver/Src/stm32f4xx_hal_uart.o
LOAD ./Middlewares/DHT11/dht.o
LOAD ./Middlewares/Modbus/Src/Modbus2Gpio.o
LOAD ./Middlewares/Modbus/Src/Modbus2Gui.o
LOAD ./Middlewares/Modbus/Src/Modbus_DeviceTrace.o
LOAD ./Middlewares/Modbus/Src/Modbus_Func.o
LOAD ./Middlewares/Modbus/Src/Modbus_Slave.o
LOAD ./Middlewares/Modbus/Src/TCP_Slave_Function.o
LOAD ./Middlewares/Modbus/Src/UARTCallback.o
LOAD ./Middlewares/Third_Party/FreeRTOS/Source/CMSIS_RTOS_V2/cmsis_os2.o
LOAD ./Middlewares/Third_Party/FreeRTOS/Source/croutine.o
LOAD ./Middlewares/Third_Party/FreeRTOS/Source/event_groups.o
LOAD ./Middlewares/Third_Party/FreeRTOS/Source/list.o
LOAD ./Middlewares/Third_Party/FreeRTOS/Source/queue.o
LOAD ./Middlewares/Third_Party/FreeRTOS/Source/stream_buffer.o
LOAD ./Middlewares/Third_Party/FreeRTOS/Source/tasks.o
LOAD ./Middlewares/Third_Party/FreeRTOS/Source/timers.o
LOAD ./Middlewares/Third_Party/FreeRTOS/Source/portable/GCC/ARM_CM4F/port.o
LOAD ./Middlewares/Third_Party/FreeRTOS/Source/portable/MemMang/heap_4.o
START GROUP
LOAD c:/st/stm32cubeide_1.8.0/stm32cubeide/plugins/com.st.stm32cube.ide.mcu.externaltools.gnu-tools-for-stm32.9-2020-q2-update.win32_2.0.0.202105311346/tools/bin/../lib/gcc/arm-none-eabi/9.3.1/../../../../arm-none-eabi/lib/thumb/v7e-m+fp/hard\libc_nano.a
LOAD c:/st/stm32cubeide_1.8.0/stm32cubeide/plugins/com.st.stm32cube.ide.mcu.externaltools.gnu-tools-for-stm32.9-2020-q2-update.win32_2.0.0.202105311346/tools/bin/../lib/gcc/arm-none-eabi/9.3.1/../../../../arm-none-eabi/lib/thumb/v7e-m+fp/hard\libm.a
END GROUP
START GROUP
LOAD c:/st/stm32cubeide_1.8.0/stm32cubeide/plugins/com.st.stm32cube.ide.mcu.externaltools.gnu-tools-for-stm32.9-2020-q2-update.win32_2.0.0.202105311346/tools/bin/../lib/gcc/arm-none-eabi/9.3.1/thumb/v7e-m+fp/hard\libgcc.a
LOAD c:/st/stm32cubeide_1.8.0/stm32cubeide/plugins/com.st.stm32cube.ide.mcu.externaltools.gnu-tools-for-stm32.9-2020-q2-update.win32_2.0.0.202105311346/tools/bin/../lib/gcc/arm-none-eabi/9.3.1/../../../../arm-none-eabi/lib/thumb/v7e-m+fp/hard\libc_nano.a
END GROUP
START GROUP
LOAD c:/st/stm32cubeide_1.8.0/stm32cubeide/plugins/com.st.stm32cube.ide.mcu.externaltools.gnu-tools-for-stm32.9-2020-q2-update.win32_2.0.0.202105311346/tools/bin/../lib/gcc/arm-none-eabi/9.3.1/thumb/v7e-m+fp/hard\libgcc.a
LOAD c:/st/stm32cubeide_1.8.0/stm32cubeide/plugins/com.st.stm32cube.ide.mcu.externaltools.gnu-tools-for-stm32.9-2020-q2-update.win32_2.0.0.202105311346/tools/bin/../lib/gcc/arm-none-eabi/9.3.1/../../../../arm-none-eabi/lib/thumb/v7e-m+fp/hard\libc_nano.a
LOAD c:/st/stm32cubeide_1.8.0/stm32cubeide/plugins/com.st.stm32cube.ide.mcu.externaltools.gnu-tools-for-stm32.9-2020-q2-update.win32_2.0.0.202105311346/tools/bin/../lib/gcc/arm-none-eabi/9.3.1/../../../../arm-none-eabi/lib/thumb/v7e-m+fp/hard\libnosys.a
END GROUP
START GROUP
LOAD c:/st/stm32cubeide_1.8.0/stm32cubeide/plugins/com.st.stm32cube.ide.mcu.externaltools.gnu-tools-for-stm32.9-2020-q2-update.win32_2.0.0.202105311346/tools/bin/../lib/gcc/arm-none-eabi/9.3.1/thumb/v7e-m+fp/hard\libgcc.a
LOAD c:/st/stm32cubeide_1.8.0/stm32cubeide/plugins/com.st.stm32cube.ide.mcu.externaltools.gnu-tools-for-stm32.9-2020-q2-update.win32_2.0.0.202105311346/tools/bin/../lib/gcc/arm-none-eabi/9.3.1/../../../../arm-none-eabi/lib/thumb/v7e-m+fp/hard\libc_nano.a
LOAD c:/st/stm32cubeide_1.8.0/stm32cubeide/plugins/com.st.stm32cube.ide.mcu.externaltools.gnu-tools-for-stm32.9-2020-q2-update.win32_2.0.0.202105311346/tools/bin/../lib/gcc/arm-none-eabi/9.3.1/../../../../arm-none-eabi/lib/thumb/v7e-m+fp/hard\libnosys.a
END GROUP
LOAD c:/st/stm32cubeide_1.8.0/stm32cubeide/plugins/com.st.stm32cube.ide.mcu.externaltools.gnu-tools-for-stm32.9-2020-q2-update.win32_2.0.0.202105311346/tools/bin/../lib/gcc/arm-none-eabi/9.3.1/thumb/v7e-m+fp/hard/crtend.o
LOAD c:/st/stm32cubeide_1.8.0/stm32cubeide/plugins/com.st.stm32cube.ide.mcu.externaltools.gnu-tools-for-stm32.9-2020-q2-update.win32_2.0.0.202105311346/tools/bin/../lib/gcc/arm-none-eabi/9.3.1/thumb/v7e-m+fp/hard/crtn.o
                0x0000000020020000                _estack = (ORIGIN (RAM) + LENGTH (RAM))
                0x0000000000000200                _Min_Heap_Size = 0x200
                0x0000000000000400                _Min_Stack_Size = 0x400

.isr_vector     0x0000000008000000      0x188
                0x0000000008000000                . = ALIGN (0x4)
 *(.isr_vector)
 .isr_vector    0x0000000008000000      0x188 ./Core/Startup/startup_stm32f407vgtx.o
                0x0000000008000000                g_pfnVectors
                0x0000000008000188                . = ALIGN (0x4)

.text           0x0000000008000190     0x8d98
                0x0000000008000190                . = ALIGN (0x4)
 *(.text)
 .text          0x0000000008000190       0x40 c:/st/stm32cubeide_1.8.0/stm32cubeide/plugins/com.st.stm32cube.ide.mcu.externaltools.gnu-tools-for-stm32.9-2020-q2-update.win32_2.0.0.202105311346/tools/bin/../lib/gcc/arm-none-eabi/9.3.1/thumb/v7e-m+fp/hard/crtbegin.o
 .text          0x00000000080001d0      0x378 c:/st/stm32cubeide_1.8.0/stm32cubeide/plugins/com.st.stm32cube.ide.mcu.externaltools.gnu-tools-for-stm32.9-2020-q2-update.win32_2.0.0.202105311346/tools/bin/../lib/gcc/arm-none-eabi/9.3.1/thumb/v7e-m+fp/hard\libgcc.a(_arm_addsubdf3.o)
                0x00000000080001d0                __aeabi_drsub
                0x00000000080001d8                __aeabi_dsub
                0x00000000080001d8                __subdf3
                0x00000000080001dc                __aeabi_dadd
                0x00000000080001dc                __adddf3
                0x0000000008000454                __floatunsidf
                0x0000000008000454                __aeabi_ui2d
                0x0000000008000474                __floatsidf
                0x0000000008000474                __aeabi_i2d
                0x0000000008000498                __aeabi_f2d
                0x0000000008000498                __extendsfdf2
                0x00000000080004dc                __floatundidf
                0x00000000080004dc                __aeabi_ul2d
                0x00000000080004ec                __floatdidf
                0x00000000080004ec                __aeabi_l2d
 .text          0x0000000008000548      0x424 c:/st/stm32cubeide_1.8.0/stm32cubeide/plugins/com.st.stm32cube.ide.mcu.externaltools.gnu-tools-for-stm32.9-2020-q2-update.win32_2.0.0.202105311346/tools/bin/../lib/gcc/arm-none-eabi/9.3.1/thumb/v7e-m+fp/hard\libgcc.a(_arm_muldivdf3.o)
                0x0000000008000548                __aeabi_dmul
                0x0000000008000548                __muldf3
                0x000000000800079c                __divdf3
                0x000000000800079c                __aeabi_ddiv
 .text          0x000000000800096c       0xa0 c:/st/stm32cubeide_1.8.0/stm32cubeide/plugins/com.st.stm32cube.ide.mcu.externaltools.gnu-tools-for-stm32.9-2020-q2-update.win32_2.0.0.202105311346/tools/bin/../lib/gcc/arm-none-eabi/9.3.1/thumb/v7e-m+fp/hard\libgcc.a(_arm_truncdfsf2.o)
                0x000000000800096c                __truncdfsf2
                0x000000000800096c                __aeabi_d2f
 .text          0x0000000008000a0c       0x30 c:/st/stm32cubeide_1.8.0/stm32cubeide/plugins/com.st.stm32cube.ide.mcu.externaltools.gnu-tools-for-stm32.9-2020-q2-update.win32_2.0.0.202105311346/tools/bin/../lib/gcc/arm-none-eabi/9.3.1/thumb/v7e-m+fp/hard\libgcc.a(_aeabi_uldivmod.o)
                0x0000000008000a0c                __aeabi_uldivmod
 .text          0x0000000008000a3c      0x2c4 c:/st/stm32cubeide_1.8.0/stm32cubeide/plugins/com.st.stm32cube.ide.mcu.externaltools.gnu-tools-for-stm32.9-2020-q2-update.win32_2.0.0.202105311346/tools/bin/../lib/gcc/arm-none-eabi/9.3.1/thumb/v7e-m+fp/hard\libgcc.a(_udivmoddi4.o)
                0x0000000008000a3c                __udivmoddi4
 .text          0x0000000008000d00        0x4 c:/st/stm32cubeide_1.8.0/stm32cubeide/plugins/com.st.stm32cube.ide.mcu.externaltools.gnu-tools-for-stm32.9-2020-q2-update.win32_2.0.0.202105311346/tools/bin/../lib/gcc/arm-none-eabi/9.3.1/thumb/v7e-m+fp/hard\libgcc.a(_dvmd_tls.o)
                0x0000000008000d00                __aeabi_idiv0
                0x0000000008000d00                __aeabi_ldiv0
 *(.text*)
 .text.main     0x0000000008000d04       0x48 ./Core/Src/main.o
                0x0000000008000d04                main
 .text.SystemClock_Config
                0x0000000008000d4c       0xd4 ./Core/Src/main.o
                0x0000000008000d4c                SystemClock_Config
 .text.MX_TIM1_Init
                0x0000000008000e20       0xa0 ./Core/Src/main.o
 .text.MX_TIM5_Init
                0x0000000008000ec0       0x9c ./Core/Src/main.o
 .text.MX_USART2_UART_Init
                0x0000000008000f5c       0x54 ./Core/Src/main.o
 .text.MX_GPIO_Init
                0x0000000008000fb0       0xbc ./Core/Src/main.o
 .text.StartDefaultTask
                0x000000000800106c       0x60 ./Core/Src/main.o
                0x000000000800106c                StartDefaultTask
 .text.Error_Handler
                0x00000000080010cc        0xa ./Core/Src/main.o
                0x00000000080010cc                Error_Handler
 *fill*         0x00000000080010d6        0x2 
 .text.HAL_MspInit
                0x00000000080010d8       0x58 ./Core/Src/stm32f4xx_hal_msp.o
                0x00000000080010d8                HAL_MspInit
 .text.HAL_TIM_Base_MspInit
                0x0000000008001130       0x70 ./Core/Src/stm32f4xx_hal_msp.o
                0x0000000008001130                HAL_TIM_Base_MspInit
 .text.HAL_UART_MspInit
                0x00000000080011a0       0xa0 ./Core/Src/stm32f4xx_hal_msp.o
                0x00000000080011a0                HAL_UART_MspInit
 .text.NMI_Handler
                0x0000000008001240        0x6 ./Core/Src/stm32f4xx_it.o
                0x0000000008001240                NMI_Handler
 .text.HardFault_Handler
                0x0000000008001246        0x6 ./Core/Src/stm32f4xx_it.o
                0x0000000008001246                HardFault_Handler
 .text.MemManage_Handler
                0x000000000800124c        0x6 ./Core/Src/stm32f4xx_it.o
                0x000000000800124c                MemManage_Handler
 .text.BusFault_Handler
                0x0000000008001252        0x6 ./Core/Src/stm32f4xx_it.o
                0x0000000008001252                BusFault_Handler
 .text.UsageFault_Handler
                0x0000000008001258        0x6 ./Core/Src/stm32f4xx_it.o
                0x0000000008001258                UsageFault_Handler
 .text.DebugMon_Handler
                0x000000000800125e        0xe ./Core/Src/stm32f4xx_it.o
                0x000000000800125e                DebugMon_Handler
 .text.SysTick_Handler
                0x000000000800126c       0x1a ./Core/Src/stm32f4xx_it.o
                0x000000000800126c                SysTick_Handler
 *fill*         0x0000000008001286        0x2 
 .text.USART2_IRQHandler
                0x0000000008001288       0x14 ./Core/Src/stm32f4xx_it.o
                0x0000000008001288                USART2_IRQHandler
 .text.SystemInit
                0x000000000800129c       0x24 ./Core/Src/system_stm32f4xx.o
                0x000000000800129c                SystemInit
 .text.Reset_Handler
                0x00000000080012c0       0x50 ./Core/Startup/startup_stm32f407vgtx.o
                0x00000000080012c0                Reset_Handler
 .text.Default_Handler
                0x0000000008001310        0x2 ./Core/Startup/startup_stm32f407vgtx.o
                0x0000000008001310                RTC_Alarm_IRQHandler
                0x0000000008001310                HASH_RNG_IRQHandler
                0x0000000008001310                EXTI2_IRQHandler
                0x0000000008001310                TIM8_CC_IRQHandler
                0x0000000008001310                TIM1_CC_IRQHandler
                0x0000000008001310                DMA2_Stream5_IRQHandler
                0x0000000008001310                DMA1_Stream5_IRQHandler
                0x0000000008001310                PVD_IRQHandler
                0x0000000008001310                SDIO_IRQHandler
                0x0000000008001310                TAMP_STAMP_IRQHandler
                0x0000000008001310                CAN2_RX1_IRQHandler
                0x0000000008001310                EXTI3_IRQHandler
                0x0000000008001310                TIM8_TRG_COM_TIM14_IRQHandler
                0x0000000008001310                TIM1_UP_TIM10_IRQHandler
                0x0000000008001310                TIM8_UP_TIM13_IRQHandler
                0x0000000008001310                I2C3_ER_IRQHandler
                0x0000000008001310                EXTI0_IRQHandler
                0x0000000008001310                I2C2_EV_IRQHandler
                0x0000000008001310                DMA1_Stream2_IRQHandler
                0x0000000008001310                CAN1_RX0_IRQHandler
                0x0000000008001310                FPU_IRQHandler
                0x0000000008001310                OTG_HS_WKUP_IRQHandler
                0x0000000008001310                CAN2_SCE_IRQHandler
                0x0000000008001310                DMA2_Stream2_IRQHandler
                0x0000000008001310                SPI1_IRQHandler
                0x0000000008001310                TIM6_DAC_IRQHandler
                0x0000000008001310                TIM1_BRK_TIM9_IRQHandler
                0x0000000008001310                DCMI_IRQHandler
                0x0000000008001310                CAN2_RX0_IRQHandler
                0x0000000008001310                DMA2_Stream3_IRQHandler
                0x0000000008001310                USART6_IRQHandler
                0x0000000008001310                USART3_IRQHandler
                0x0000000008001310                CAN1_RX1_IRQHandler
                0x0000000008001310                UART5_IRQHandler
                0x0000000008001310                DMA2_Stream0_IRQHandler
                0x0000000008001310                TIM4_IRQHandler
                0x0000000008001310                I2C1_EV_IRQHandler
                0x0000000008001310                DMA1_Stream6_IRQHandler
                0x0000000008001310                DMA1_Stream1_IRQHandler
                0x0000000008001310                UART4_IRQHandler
                0x0000000008001310                TIM3_IRQHandler
                0x0000000008001310                RCC_IRQHandler
                0x0000000008001310                TIM8_BRK_TIM12_IRQHandler
                0x0000000008001310                Default_Handler
                0x0000000008001310                EXTI15_10_IRQHandler
                0x0000000008001310                ADC_IRQHandler
                0x0000000008001310                DMA1_Stream7_IRQHandler
                0x0000000008001310                TIM7_IRQHandler
                0x0000000008001310                CAN2_TX_IRQHandler
                0x0000000008001310                TIM5_IRQHandler
                0x0000000008001310                DMA2_Stream7_IRQHandler
                0x0000000008001310                I2C3_EV_IRQHandler
                0x0000000008001310                EXTI9_5_IRQHandler
                0x0000000008001310                RTC_WKUP_IRQHandler
                0x0000000008001310                ETH_WKUP_IRQHandler
                0x0000000008001310                SPI2_IRQHandler
                0x0000000008001310                OTG_HS_EP1_IN_IRQHandler
                0x0000000008001310                DMA1_Stream0_IRQHandler
                0x0000000008001310                CAN1_TX_IRQHandler
                0x0000000008001310                EXTI4_IRQHandler
                0x0000000008001310                FSMC_IRQHandler
                0x0000000008001310                ETH_IRQHandler
                0x0000000008001310                OTG_HS_EP1_OUT_IRQHandler
                0x0000000008001310                WWDG_IRQHandler
                0x0000000008001310                TIM2_IRQHandler
                0x0000000008001310                OTG_FS_WKUP_IRQHandler
                0x0000000008001310                TIM1_TRG_COM_TIM11_IRQHandler
                0x0000000008001310                OTG_HS_IRQHandler
                0x0000000008001310                EXTI1_IRQHandler
                0x0000000008001310                I2C2_ER_IRQHandler
                0x0000000008001310                DMA2_Stream1_IRQHandler
                0x0000000008001310                CAN1_SCE_IRQHandler
                0x0000000008001310                FLASH_IRQHandler
                0x0000000008001310                DMA2_Stream4_IRQHandler
                0x0000000008001310                USART1_IRQHandler
                0x0000000008001310                OTG_FS_IRQHandler
                0x0000000008001310                SPI3_IRQHandler
                0x0000000008001310                DMA1_Stream4_IRQHandler
                0x0000000008001310                I2C1_ER_IRQHandler
                0x0000000008001310                DMA2_Stream6_IRQHandler
                0x0000000008001310                DMA1_Stream3_IRQHandler
 *fill*         0x0000000008001312        0x2 
 .text.HAL_Init
                0x0000000008001314       0x44 ./Drivers/STM32F4xx_HAL_Driver/Src/stm32f4xx_hal.o
                0x0000000008001314                HAL_Init
 .text.HAL_InitTick
                0x0000000008001358       0x60 ./Drivers/STM32F4xx_HAL_Driver/Src/stm32f4xx_hal.o
                0x0000000008001358                HAL_InitTick
 .text.HAL_IncTick
                0x00000000080013b8       0x28 ./Drivers/STM32F4xx_HAL_Driver/Src/stm32f4xx_hal.o
                0x00000000080013b8                HAL_IncTick
 .text.HAL_GetTick
                0x00000000080013e0       0x18 ./Drivers/STM32F4xx_HAL_Driver/Src/stm32f4xx_hal.o
                0x00000000080013e0                HAL_GetTick
 .text.__NVIC_SetPriorityGrouping
                0x00000000080013f8       0x48 ./Drivers/STM32F4xx_HAL_Driver/Src/stm32f4xx_hal_cortex.o
 .text.__NVIC_GetPriorityGrouping
                0x0000000008001440       0x1c ./Drivers/STM32F4xx_HAL_Driver/Src/stm32f4xx_hal_cortex.o
 .text.__NVIC_EnableIRQ
                0x000000000800145c       0x3c ./Drivers/STM32F4xx_HAL_Driver/Src/stm32f4xx_hal_cortex.o
 .text.__NVIC_SetPriority
                0x0000000008001498       0x54 ./Drivers/STM32F4xx_HAL_Driver/Src/stm32f4xx_hal_cortex.o
 .text.NVIC_EncodePriority
                0x00000000080014ec       0x66 ./Drivers/STM32F4xx_HAL_Driver/Src/stm32f4xx_hal_cortex.o
 *fill*         0x0000000008001552        0x2 
 .text.SysTick_Config
                0x0000000008001554       0x44 ./Drivers/STM32F4xx_HAL_Driver/Src/stm32f4xx_hal_cortex.o
 .text.HAL_NVIC_SetPriorityGrouping
                0x0000000008001598       0x16 ./Drivers/STM32F4xx_HAL_Driver/Src/stm32f4xx_hal_cortex.o
                0x0000000008001598                HAL_NVIC_SetPriorityGrouping
 .text.HAL_NVIC_SetPriority
                0x00000000080015ae       0x38 ./Drivers/STM32F4xx_HAL_Driver/Src/stm32f4xx_hal_cortex.o
                0x00000000080015ae                HAL_NVIC_SetPriority
 .text.HAL_NVIC_EnableIRQ
                0x00000000080015e6       0x1c ./Drivers/STM32F4xx_HAL_Driver/Src/stm32f4xx_hal_cortex.o
                0x00000000080015e6                HAL_NVIC_EnableIRQ
 .text.HAL_SYSTICK_Config
                0x0000000008001602       0x18 ./Drivers/STM32F4xx_HAL_Driver/Src/stm32f4xx_hal_cortex.o
                0x0000000008001602                HAL_SYSTICK_Config
 .text.HAL_DMA_Abort
                0x000000000800161a       0xe0 ./Drivers/STM32F4xx_HAL_Driver/Src/stm32f4xx_hal_dma.o
                0x000000000800161a                HAL_DMA_Abort
 .text.HAL_DMA_Abort_IT
                0x00000000080016fa       0x44 ./Drivers/STM32F4xx_HAL_Driver/Src/stm32f4xx_hal_dma.o
                0x00000000080016fa                HAL_DMA_Abort_IT
 *fill*         0x000000000800173e        0x2 
 .text.HAL_GPIO_Init
                0x0000000008001740      0x338 ./Drivers/STM32F4xx_HAL_Driver/Src/stm32f4xx_hal_gpio.o
                0x0000000008001740                HAL_GPIO_Init
 .text.HAL_GPIO_ReadPin
                0x0000000008001a78       0x30 ./Drivers/STM32F4xx_HAL_Driver/Src/stm32f4xx_hal_gpio.o
                0x0000000008001a78                HAL_GPIO_ReadPin
 .text.HAL_GPIO_WritePin
                0x0000000008001aa8       0x32 ./Drivers/STM32F4xx_HAL_Driver/Src/stm32f4xx_hal_gpio.o
                0x0000000008001aa8                HAL_GPIO_WritePin
 *fill*         0x0000000008001ada        0x2 
 .text.HAL_RCC_OscConfig
                0x0000000008001adc      0x4f0 ./Drivers/STM32F4xx_HAL_Driver/Src/stm32f4xx_hal_rcc.o
                0x0000000008001adc                HAL_RCC_OscConfig
 .text.HAL_RCC_ClockConfig
                0x0000000008001fcc      0x1cc ./Drivers/STM32F4xx_HAL_Driver/Src/stm32f4xx_hal_rcc.o
                0x0000000008001fcc                HAL_RCC_ClockConfig
 .text.HAL_RCC_GetSysClockFreq
                0x0000000008002198      0x1c4 ./Drivers/STM32F4xx_HAL_Driver/Src/stm32f4xx_hal_rcc.o
                0x0000000008002198                HAL_RCC_GetSysClockFreq
 .text.HAL_RCC_GetHCLKFreq
                0x000000000800235c       0x18 ./Drivers/STM32F4xx_HAL_Driver/Src/stm32f4xx_hal_rcc.o
                0x000000000800235c                HAL_RCC_GetHCLKFreq
 .text.HAL_RCC_GetPCLK1Freq
                0x0000000008002374       0x28 ./Drivers/STM32F4xx_HAL_Driver/Src/stm32f4xx_hal_rcc.o
                0x0000000008002374                HAL_RCC_GetPCLK1Freq
 .text.HAL_RCC_GetPCLK2Freq
                0x000000000800239c       0x28 ./Drivers/STM32F4xx_HAL_Driver/Src/stm32f4xx_hal_rcc.o
                0x000000000800239c                HAL_RCC_GetPCLK2Freq
 .text.HAL_TIM_Base_Init
                0x00000000080023c4       0x9e ./Drivers/STM32F4xx_HAL_Driver/Src/stm32f4xx_hal_tim.o
                0x00000000080023c4                HAL_TIM_Base_Init
 *fill*         0x0000000008002462        0x2 
 .text.HAL_TIM_Base_Start
                0x0000000008002464       0xd0 ./Drivers/STM32F4xx_HAL_Driver/Src/stm32f4xx_hal_tim.o
                0x0000000008002464                HAL_TIM_Base_Start
 .text.HAL_TIM_ConfigClockSource
                0x0000000008002534      0x18e ./Drivers/STM32F4xx_HAL_Driver/Src/stm32f4xx_hal_tim.o
                0x0000000008002534                HAL_TIM_ConfigClockSource
 *fill*         0x00000000080026c2        0x2 
 .text.TIM_Base_SetConfig
                0x00000000080026c4      0x140 ./Drivers/STM32F4xx_HAL_Driver/Src/stm32f4xx_hal_tim.o
                0x00000000080026c4                TIM_Base_SetConfig
 .text.TIM_TI1_ConfigInputStage
                0x0000000008002804       0x5e ./Drivers/STM32F4xx_HAL_Driver/Src/stm32f4xx_hal_tim.o
 .text.TIM_TI2_ConfigInputStage
                0x0000000008002862       0x60 ./Drivers/STM32F4xx_HAL_Driver/Src/stm32f4xx_hal_tim.o
 .text.TIM_ITRx_SetConfig
                0x00000000080028c2       0x36 ./Drivers/STM32F4xx_HAL_Driver/Src/stm32f4xx_hal_tim.o
 .text.TIM_ETR_SetConfig
                0x00000000080028f8       0x40 ./Drivers/STM32F4xx_HAL_Driver/Src/stm32f4xx_hal_tim.o
                0x00000000080028f8                TIM_ETR_SetConfig
 .text.HAL_TIMEx_MasterConfigSynchronization
                0x0000000008002938       0xf8 ./Drivers/STM32F4xx_HAL_Driver/Src/stm32f4xx_hal_tim_ex.o
                0x0000000008002938                HAL_TIMEx_MasterConfigSynchronization
 .text.HAL_UART_Init
                0x0000000008002a30       0x9a ./Drivers/STM32F4xx_HAL_Driver/Src/stm32f4xx_hal_uart.o
                0x0000000008002a30                HAL_UART_Init
 .text.HAL_UART_Transmit_IT
                0x0000000008002aca       0x8a ./Drivers/STM32F4xx_HAL_Driver/Src/stm32f4xx_hal_uart.o
                0x0000000008002aca                HAL_UART_Transmit_IT
 .text.HAL_UART_Receive_IT
                0x0000000008002b54       0x60 ./Drivers/STM32F4xx_HAL_Driver/Src/stm32f4xx_hal_uart.o
                0x0000000008002b54                HAL_UART_Receive_IT
 .text.HAL_UART_AbortReceive_IT
                0x0000000008002bb4      0x164 ./Drivers/STM32F4xx_HAL_Driver/Src/stm32f4xx_hal_uart.o
                0x0000000008002bb4                HAL_UART_AbortReceive_IT
 .text.HAL_UART_IRQHandler
                0x0000000008002d18      0x51c ./Drivers/STM32F4xx_HAL_Driver/Src/stm32f4xx_hal_uart.o
                0x0000000008002d18                HAL_UART_IRQHandler
 .text.HAL_UART_ErrorCallback
                0x0000000008003234       0x14 ./Drivers/STM32F4xx_HAL_Driver/Src/stm32f4xx_hal_uart.o
                0x0000000008003234                HAL_UART_ErrorCallback
 .text.HAL_UART_AbortReceiveCpltCallback
                0x0000000008003248       0x14 ./Drivers/STM32F4xx_HAL_Driver/Src/stm32f4xx_hal_uart.o
                0x0000000008003248                HAL_UART_AbortReceiveCpltCallback
 .text.HAL_UARTEx_RxEventCallback
                0x000000000800325c       0x18 ./Drivers/STM32F4xx_HAL_Driver/Src/stm32f4xx_hal_uart.o
                0x000000000800325c                HAL_UARTEx_RxEventCallback
 .text.HAL_HalfDuplex_EnableTransmitter
                0x0000000008003274       0x68 ./Drivers/STM32F4xx_HAL_Driver/Src/stm32f4xx_hal_uart.o
                0x0000000008003274                HAL_HalfDuplex_EnableTransmitter
 .text.HAL_HalfDuplex_EnableReceiver
                0x00000000080032dc       0x68 ./Drivers/STM32F4xx_HAL_Driver/Src/stm32f4xx_hal_uart.o
                0x00000000080032dc                HAL_HalfDuplex_EnableReceiver
 .text.HAL_UART_GetState
                0x0000000008003344       0x3c ./Drivers/STM32F4xx_HAL_Driver/Src/stm32f4xx_hal_uart.o
                0x0000000008003344                HAL_UART_GetState
 .text.UART_Start_Receive_IT
                0x0000000008003380       0x74 ./Drivers/STM32F4xx_HAL_Driver/Src/stm32f4xx_hal_uart.o
                0x0000000008003380                UART_Start_Receive_IT
 .text.UART_EndRxTransfer
                0x00000000080033f4       0xc6 ./Drivers/STM32F4xx_HAL_Driver/Src/stm32f4xx_hal_uart.o
 .text.UART_DMAAbortOnError
                0x00000000080034ba       0x28 ./Drivers/STM32F4xx_HAL_Driver/Src/stm32f4xx_hal_uart.o
 .text.UART_DMARxOnlyAbortCallback
                0x00000000080034e2       0x30 ./Drivers/STM32F4xx_HAL_Driver/Src/stm32f4xx_hal_uart.o
 .text.UART_Transmit_IT
                0x0000000008003512       0xa0 ./Drivers/STM32F4xx_HAL_Driver/Src/stm32f4xx_hal_uart.o
 .text.UART_EndTransmit_IT
                0x00000000080035b2       0x30 ./Drivers/STM32F4xx_HAL_Driver/Src/stm32f4xx_hal_uart.o
 .text.UART_Receive_IT
                0x00000000080035e2      0x176 ./Drivers/STM32F4xx_HAL_Driver/Src/stm32f4xx_hal_uart.o
 .text.UART_SetConfig
                0x0000000008003758      0x390 ./Drivers/STM32F4xx_HAL_Driver/Src/stm32f4xx_hal_uart.o
 .text.microDelay
                0x0000000008003ae8       0x34 ./Middlewares/DHT11/dht.o
                0x0000000008003ae8                microDelay
 .text.msdelay  0x0000000008003b1c       0x3c ./Middlewares/DHT11/dht.o
                0x0000000008003b1c                msdelay
 .text.DHT11_Start
                0x0000000008003b58       0xe4 ./Middlewares/DHT11/dht.o
                0x0000000008003b58                DHT11_Start
 .text.DHT11_Read
                0x0000000008003c3c       0xf0 ./Middlewares/DHT11/dht.o
                0x0000000008003c3c                DHT11_Read
 .text.DHT11_ReadAll
                0x0000000008003d2c      0x15c ./Middlewares/DHT11/dht.o
                0x0000000008003d2c                DHT11_ReadAll
 .text.WriteGpio
                0x0000000008003e88       0x28 ./Middlewares/Modbus/Src/Modbus2Gpio.o
                0x0000000008003e88                WriteGpio
 .text.Queue_CoilUpdate
                0x0000000008003eb0      0x138 ./Middlewares/Modbus/Src/Modbus2Gui.o
                0x0000000008003eb0                Queue_CoilUpdate
 .text.Queue_RegUpdate
                0x0000000008003fe8       0x38 ./Middlewares/Modbus/Src/Modbus2Gui.o
                0x0000000008003fe8                Queue_RegUpdate
 .text.Read_Coil
                0x0000000008004020       0x50 ./Middlewares/Modbus/Src/Modbus_DeviceTrace.o
                0x0000000008004020                Read_Coil
 .text.Read_Reg
                0x0000000008004070       0x4c ./Middlewares/Modbus/Src/Modbus_DeviceTrace.o
                0x0000000008004070                Read_Reg
 .text.Write_Coil
                0x00000000080040bc       0x7a ./Middlewares/Modbus/Src/Modbus_DeviceTrace.o
                0x00000000080040bc                Write_Coil
 .text.Write_Reg
                0x0000000008004136       0x60 ./Middlewares/Modbus/Src/Modbus_DeviceTrace.o
                0x0000000008004136                Write_Reg
 .text.calcCRC  0x0000000008004196       0x8e ./Middlewares/Modbus/Src/Modbus_Func.o
                0x0000000008004196                calcCRC
 .text.RingAdd  0x0000000008004224       0x8e ./Middlewares/Modbus/Src/Modbus_Func.o
                0x0000000008004224                RingAdd
 .text.RingGetAllBytes
                0x00000000080042b2       0x24 ./Middlewares/Modbus/Src/Modbus_Func.o
                0x00000000080042b2                RingGetAllBytes
 .text.RingGetNBytes
                0x00000000080042d6       0xa8 ./Middlewares/Modbus/Src/Modbus_Func.o
                0x00000000080042d6                RingGetNBytes
 .text.RingClear
                0x000000000800437e       0x34 ./Middlewares/Modbus/Src/Modbus_Func.o
                0x000000000800437e                RingClear
 *fill*         0x00000000080043b2        0x2 
 .text.SModbus_Init
                0x00000000080043b4      0x204 ./Middlewares/Modbus/Src/Modbus_Slave.o
                0x00000000080043b4                SModbus_Init
 .text.ModbusInit
                0x00000000080045b8      0x12c ./Middlewares/Modbus/Src/Modbus_Slave.o
                0x00000000080045b8                ModbusInit
 .text.ModbusStart
                0x00000000080046e4      0x108 ./Middlewares/Modbus/Src/Modbus_Slave.o
                0x00000000080046e4                ModbusStart
 .text.vTimerCallbackT35
                0x00000000080047ec       0x84 ./Middlewares/Modbus/Src/Modbus_Slave.o
 .text.vTimerCallbackTimeout
                0x0000000008004870       0x5c ./Middlewares/Modbus/Src/Modbus_Slave.o
 .text.StartTaskModbusSlave
                0x00000000080048cc      0x1a4 ./Middlewares/Modbus/Src/Modbus_Slave.o
                0x00000000080048cc                StartTaskModbusSlave
 .text.getRxBuffer
                0x0000000008004a70       0x92 ./Middlewares/Modbus/Src/Modbus_Slave.o
 *fill*         0x0000000008004b02        0x2 
 .text.validateRequest
                0x0000000008004b04      0x294 ./Middlewares/Modbus/Src/Modbus_Slave.o
 .text.word     0x0000000008004d98       0x26 ./Middlewares/Modbus/Src/Modbus_Slave.o
 .text.buildException
                0x0000000008004dbe       0x3e ./Middlewares/Modbus/Src/Modbus_Slave.o
 .text.sendTxBuffer
                0x0000000008004dfc      0x120 ./Middlewares/Modbus/Src/Modbus_Slave.o
 .text.word     0x0000000008004f1c       0x26 ./Middlewares/Modbus/Src/TCP_Slave_Function.o
                0x0000000008004f1c                word
 .text.Slave_Fc1
                0x0000000008004f42      0x156 ./Middlewares/Modbus/Src/TCP_Slave_Function.o
                0x0000000008004f42                Slave_Fc1
 .text.Slave_Fc3
                0x0000000008005098       0xc6 ./Middlewares/Modbus/Src/TCP_Slave_Function.o
                0x0000000008005098                Slave_Fc3
 .text.Slave_Fc5
                0x000000000800515e       0x58 ./Middlewares/Modbus/Src/TCP_Slave_Function.o
                0x000000000800515e                Slave_Fc5
 .text.Slave_Fc6
                0x00000000080051b6       0x5a ./Middlewares/Modbus/Src/TCP_Slave_Function.o
                0x00000000080051b6                Slave_Fc6
 .text.Slave_Fc16
                0x0000000008005210       0xa2 ./Middlewares/Modbus/Src/TCP_Slave_Function.o
                0x0000000008005210                Slave_Fc16
 .text.Slave_Fc15
                0x00000000080052b2       0xce ./Middlewares/Modbus/Src/TCP_Slave_Function.o
                0x00000000080052b2                Slave_Fc15
 .text.HAL_UART_TxCpltCallback
                0x0000000008005380       0x7c ./Middlewares/Modbus/Src/UARTCallback.o
                0x0000000008005380                HAL_UART_TxCpltCallback
 .text.HAL_UART_RxCpltCallback
                0x00000000080053fc       0xd4 ./Middlewares/Modbus/Src/UARTCallback.o
                0x00000000080053fc                HAL_UART_RxCpltCallback
 .text.__NVIC_SetPriority
                0x00000000080054d0       0x54 ./Middlewares/Third_Party/FreeRTOS/Source/CMSIS_RTOS_V2/cmsis_os2.o
 .text.SVC_Setup
                0x0000000008005524       0x12 ./Middlewares/Third_Party/FreeRTOS/Source/CMSIS_RTOS_V2/cmsis_os2.o
 *fill*         0x0000000008005536        0x2 
 .text.osKernelInitialize
                0x0000000008005538       0x48 ./Middlewares/Third_Party/FreeRTOS/Source/CMSIS_RTOS_V2/cmsis_os2.o
                0x0000000008005538                osKernelInitialize
 .text.osKernelStart
                0x0000000008005580       0x4c ./Middlewares/Third_Party/FreeRTOS/Source/CMSIS_RTOS_V2/cmsis_os2.o
                0x0000000008005580                osKernelStart
 .text.osThreadNew
                0x00000000080055cc      0x124 ./Middlewares/Third_Party/FreeRTOS/Source/CMSIS_RTOS_V2/cmsis_os2.o
                0x00000000080055cc                osThreadNew
 .text.osDelay  0x00000000080056f0       0x36 ./Middlewares/Third_Party/FreeRTOS/Source/CMSIS_RTOS_V2/cmsis_os2.o
                0x00000000080056f0                osDelay
 .text.osSemaphoreNew
                0x0000000008005726      0x112 ./Middlewares/Third_Party/FreeRTOS/Source/CMSIS_RTOS_V2/cmsis_os2.o
                0x0000000008005726                osSemaphoreNew
 .text.osMessageQueueNew
                0x0000000008005838       0xe6 ./Middlewares/Third_Party/FreeRTOS/Source/CMSIS_RTOS_V2/cmsis_os2.o
                0x0000000008005838                osMessageQueueNew
 *fill*         0x000000000800591e        0x2 
 .text.vApplicationGetIdleTaskMemory
                0x0000000008005920       0x34 ./Middlewares/Third_Party/FreeRTOS/Source/CMSIS_RTOS_V2/cmsis_os2.o
                0x0000000008005920                vApplicationGetIdleTaskMemory
 .text.vApplicationGetTimerTaskMemory
                0x0000000008005954       0x34 ./Middlewares/Third_Party/FreeRTOS/Source/CMSIS_RTOS_V2/cmsis_os2.o
                0x0000000008005954                vApplicationGetTimerTaskMemory
 .text.vListInitialise
                0x0000000008005988       0x40 ./Middlewares/Third_Party/FreeRTOS/Source/list.o
                0x0000000008005988                vListInitialise
 .text.vListInitialiseItem
                0x00000000080059c8       0x1a ./Middlewares/Third_Party/FreeRTOS/Source/list.o
                0x00000000080059c8                vListInitialiseItem
 .text.vListInsertEnd
                0x00000000080059e2       0x48 ./Middlewares/Third_Party/FreeRTOS/Source/list.o
                0x00000000080059e2                vListInsertEnd
 .text.vListInsert
                0x0000000008005a2a       0x72 ./Middlewares/Third_Party/FreeRTOS/Source/list.o
                0x0000000008005a2a                vListInsert
 .text.uxListRemove
                0x0000000008005a9c       0x54 ./Middlewares/Third_Party/FreeRTOS/Source/list.o
                0x0000000008005a9c                uxListRemove
 .text.xQueueGenericReset
                0x0000000008005af0       0xd0 ./Middlewares/Third_Party/FreeRTOS/Source/queue.o
                0x0000000008005af0                xQueueGenericReset
 .text.xQueueGenericCreateStatic
                0x0000000008005bc0       0xf0 ./Middlewares/Third_Party/FreeRTOS/Source/queue.o
                0x0000000008005bc0                xQueueGenericCreateStatic
 .text.xQueueGenericCreate
                0x0000000008005cb0       0x74 ./Middlewares/Third_Party/FreeRTOS/Source/queue.o
                0x0000000008005cb0                xQueueGenericCreate
 .text.prvInitialiseNewQueue
                0x0000000008005d24       0x46 ./Middlewares/Third_Party/FreeRTOS/Source/queue.o
 .text.xQueueCreateCountingSemaphoreStatic
                0x0000000008005d6a       0x6e ./Middlewares/Third_Party/FreeRTOS/Source/queue.o
                0x0000000008005d6a                xQueueCreateCountingSemaphoreStatic
 .text.xQueueCreateCountingSemaphore
                0x0000000008005dd8       0x66 ./Middlewares/Third_Party/FreeRTOS/Source/queue.o
                0x0000000008005dd8                xQueueCreateCountingSemaphore
 *fill*         0x0000000008005e3e        0x2 
 .text.xQueueGenericSend
                0x0000000008005e40      0x1fc ./Middlewares/Third_Party/FreeRTOS/Source/queue.o
                0x0000000008005e40                xQueueGenericSend
 .text.xQueueGenericSendFromISR
                0x000000000800603c      0x136 ./Middlewares/Third_Party/FreeRTOS/Source/queue.o
                0x000000000800603c                xQueueGenericSendFromISR
 *fill*         0x0000000008006172        0x2 
 .text.xQueueReceive
                0x0000000008006174      0x1c0 ./Middlewares/Third_Party/FreeRTOS/Source/queue.o
                0x0000000008006174                xQueueReceive
 .text.xQueueSemaphoreTake
                0x0000000008006334      0x218 ./Middlewares/Third_Party/FreeRTOS/Source/queue.o
                0x0000000008006334                xQueueSemaphoreTake
 .text.vQueueDelete
                0x000000000800654c       0x46 ./Middlewares/Third_Party/FreeRTOS/Source/queue.o
                0x000000000800654c                vQueueDelete
 .text.prvGetDisinheritPriorityAfterTimeout
                0x0000000008006592       0x30 ./Middlewares/Third_Party/FreeRTOS/Source/queue.o
 .text.prvCopyDataToQueue
                0x00000000080065c2       0xd4 ./Middlewares/Third_Party/FreeRTOS/Source/queue.o
 .text.prvCopyDataFromQueue
                0x0000000008006696       0x4c ./Middlewares/Third_Party/FreeRTOS/Source/queue.o
 .text.prvUnlockQueue
                0x00000000080066e2       0xa4 ./Middlewares/Third_Party/FreeRTOS/Source/queue.o
 .text.prvIsQueueEmpty
                0x0000000008006786       0x2c ./Middlewares/Third_Party/FreeRTOS/Source/queue.o
 .text.prvIsQueueFull
                0x00000000080067b2       0x30 ./Middlewares/Third_Party/FreeRTOS/Source/queue.o
 *fill*         0x00000000080067e2        0x2 
 .text.vQueueAddToRegistry
                0x00000000080067e4       0x54 ./Middlewares/Third_Party/FreeRTOS/Source/queue.o
                0x00000000080067e4                vQueueAddToRegistry
 .text.vQueueUnregisterQueue
                0x0000000008006838       0x54 ./Middlewares/Third_Party/FreeRTOS/Source/queue.o
                0x0000000008006838                vQueueUnregisterQueue
 .text.vQueueWaitForMessageRestricted
                0x000000000800688c       0x68 ./Middlewares/Third_Party/FreeRTOS/Source/queue.o
                0x000000000800688c                vQueueWaitForMessageRestricted
 .text.xTaskCreateStatic
                0x00000000080068f4       0xba ./Middlewares/Third_Party/FreeRTOS/Source/tasks.o
                0x00000000080068f4                xTaskCreateStatic
 .text.xTaskCreate
                0x00000000080069ae       0x8a ./Middlewares/Third_Party/FreeRTOS/Source/tasks.o
                0x00000000080069ae                xTaskCreate
 .text.prvInitialiseNewTask
                0x0000000008006a38      0x14c ./Middlewares/Third_Party/FreeRTOS/Source/tasks.o
 .text.prvAddNewTaskToReadyList
                0x0000000008006b84       0xe0 ./Middlewares/Third_Party/FreeRTOS/Source/tasks.o
 .text.vTaskDelay
                0x0000000008006c64       0x68 ./Middlewares/Third_Party/FreeRTOS/Source/tasks.o
                0x0000000008006c64                vTaskDelay
 .text.vTaskStartScheduler
                0x0000000008006ccc       0xe0 ./Middlewares/Third_Party/FreeRTOS/Source/tasks.o
                0x0000000008006ccc                vTaskStartScheduler
 .text.vTaskSuspendAll
                0x0000000008006dac       0x1c ./Middlewares/Third_Party/FreeRTOS/Source/tasks.o
                0x0000000008006dac                vTaskSuspendAll
 .text.xTaskResumeAll
                0x0000000008006dc8      0x13c ./Middlewares/Third_Party/FreeRTOS/Source/tasks.o
                0x0000000008006dc8                xTaskResumeAll
 .text.xTaskGetTickCount
                0x0000000008006f04       0x20 ./Middlewares/Third_Party/FreeRTOS/Source/tasks.o
                0x0000000008006f04                xTaskGetTickCount
 .text.xTaskGetTickCountFromISR
                0x0000000008006f24       0x24 ./Middlewares/Third_Party/FreeRTOS/Source/tasks.o
                0x0000000008006f24                xTaskGetTickCountFromISR
 .text.xTaskIncrementTick
                0x0000000008006f48      0x174 ./Middlewares/Third_Party/FreeRTOS/Source/tasks.o
                0x0000000008006f48                xTaskIncrementTick
 .text.vTaskSwitchContext
                0x00000000080070bc       0xc8 ./Middlewares/Third_Party/FreeRTOS/Source/tasks.o
                0x00000000080070bc                vTaskSwitchContext
 .text.vTaskPlaceOnEventList
                0x0000000008007184       0x48 ./Middlewares/Third_Party/FreeRTOS/Source/tasks.o
                0x0000000008007184                vTaskPlaceOnEventList
 .text.vTaskPlaceOnEventListRestricted
                0x00000000080071cc       0x58 ./Middlewares/Third_Party/FreeRTOS/Source/tasks.o
                0x00000000080071cc                vTaskPlaceOnEventListRestricted
 .text.xTaskRemoveFromEventList
                0x0000000008007224       0xc8 ./Middlewares/Third_Party/FreeRTOS/Source/tasks.o
                0x0000000008007224                xTaskRemoveFromEventList
 .text.vTaskInternalSetTimeOutState
                0x00000000080072ec       0x2c ./Middlewares/Third_Party/FreeRTOS/Source/tasks.o
                0x00000000080072ec                vTaskInternalSetTimeOutState
 .text.xTaskCheckForTimeOut
                0x0000000008007318       0xc4 ./Middlewares/Third_Party/FreeRTOS/Source/tasks.o
                0x0000000008007318                xTaskCheckForTimeOut
 .text.vTaskMissedYield
                0x00000000080073dc       0x18 ./Middlewares/Third_Party/FreeRTOS/Source/tasks.o
                0x00000000080073dc                vTaskMissedYield
 .text.prvIdleTask
                0x00000000080073f4       0x30 ./Middlewares/Third_Party/FreeRTOS/Source/tasks.o
 .text.prvInitialiseTaskLists
                0x0000000008007424       0x80 ./Middlewares/Third_Party/FreeRTOS/Source/tasks.o
 .text.prvCheckTasksWaitingTermination
                0x00000000080074a4       0x5c ./Middlewares/Third_Party/FreeRTOS/Source/tasks.o
 .text.prvDeleteTCB
                0x0000000008007500       0x68 ./Middlewares/Third_Party/FreeRTOS/Source/tasks.o
 .text.prvResetNextTaskUnblockTime
                0x0000000008007568       0x40 ./Middlewares/Third_Party/FreeRTOS/Source/tasks.o
 .text.xTaskGetSchedulerState
                0x00000000080075a8       0x3c ./Middlewares/Third_Party/FreeRTOS/Source/tasks.o
                0x00000000080075a8                xTaskGetSchedulerState
 .text.xTaskPriorityInherit
                0x00000000080075e4       0xd0 ./Middlewares/Third_Party/FreeRTOS/Source/tasks.o
                0x00000000080075e4                xTaskPriorityInherit
 .text.xTaskPriorityDisinherit
                0x00000000080076b4       0xdc ./Middlewares/Third_Party/FreeRTOS/Source/tasks.o
                0x00000000080076b4                xTaskPriorityDisinherit
 .text.vTaskPriorityDisinheritAfterTimeout
                0x0000000008007790      0x104 ./Middlewares/Third_Party/FreeRTOS/Source/tasks.o
                0x0000000008007790                vTaskPriorityDisinheritAfterTimeout
 .text.pvTaskIncrementMutexHeldCount
                0x0000000008007894       0x28 ./Middlewares/Third_Party/FreeRTOS/Source/tasks.o
                0x0000000008007894                pvTaskIncrementMutexHeldCount
 .text.ulTaskNotifyTake
                0x00000000080078bc       0x98 ./Middlewares/Third_Party/FreeRTOS/Source/tasks.o
                0x00000000080078bc                ulTaskNotifyTake
 .text.xTaskGenericNotify
                0x0000000008007954      0x17c ./Middlewares/Third_Party/FreeRTOS/Source/tasks.o
                0x0000000008007954                xTaskGenericNotify
 .text.xTaskGenericNotifyFromISR
                0x0000000008007ad0      0x1c8 ./Middlewares/Third_Party/FreeRTOS/Source/tasks.o
                0x0000000008007ad0                xTaskGenericNotifyFromISR
 .text.prvAddCurrentTaskToDelayedList
                0x0000000008007c98       0xa8 ./Middlewares/Third_Party/FreeRTOS/Source/tasks.o
 .text.xTimerCreateTimerTask
                0x0000000008007d40       0x90 ./Middlewares/Third_Party/FreeRTOS/Source/timers.o
                0x0000000008007d40                xTimerCreateTimerTask
 .text.xTimerCreate
                0x0000000008007dd0       0x42 ./Middlewares/Third_Party/FreeRTOS/Source/timers.o
                0x0000000008007dd0                xTimerCreate
 .text.prvInitialiseNewTimer
                0x0000000008007e12       0x76 ./Middlewares/Third_Party/FreeRTOS/Source/timers.o
 .text.xTimerGenericCommand
                0x0000000008007e88       0x9c ./Middlewares/Third_Party/FreeRTOS/Source/timers.o
                0x0000000008007e88                xTimerGenericCommand
 .text.prvProcessExpiredTimer
                0x0000000008007f24       0x98 ./Middlewares/Third_Party/FreeRTOS/Source/timers.o
 .text.prvTimerTask
                0x0000000008007fbc       0x24 ./Middlewares/Third_Party/FreeRTOS/Source/timers.o
 .text.prvProcessTimerOrBlockTask
                0x0000000008007fe0       0x9c ./Middlewares/Third_Party/FreeRTOS/Source/timers.o
 .text.prvGetNextExpireTime
                0x000000000800807c       0x48 ./Middlewares/Third_Party/FreeRTOS/Source/timers.o
 .text.prvSampleTimeNow
                0x00000000080080c4       0x40 ./Middlewares/Third_Party/FreeRTOS/Source/timers.o
 .text.prvInsertTimerInActiveList
                0x0000000008008104       0x84 ./Middlewares/Third_Party/FreeRTOS/Source/timers.o
 .text.prvProcessReceivedCommands
                0x0000000008008188      0x1c4 ./Middlewares/Third_Party/FreeRTOS/Source/timers.o
 .text.prvSwitchTimerLists
                0x000000000800834c       0xc8 ./Middlewares/Third_Party/FreeRTOS/Source/timers.o
 .text.prvCheckForValidListAndQueue
                0x0000000008008414       0x80 ./Middlewares/Third_Party/FreeRTOS/Source/timers.o
 .text.pxPortInitialiseStack
                0x0000000008008494       0x68 ./Middlewares/Third_Party/FreeRTOS/Source/portable/GCC/ARM_CM4F/port.o
                0x0000000008008494                pxPortInitialiseStack
 .text.prvTaskExitError
                0x00000000080084fc       0x58 ./Middlewares/Third_Party/FreeRTOS/Source/portable/GCC/ARM_CM4F/port.o
 *fill*         0x0000000008008554        0xc 
 .text.SVC_Handler
                0x0000000008008560       0x28 ./Middlewares/Third_Party/FreeRTOS/Source/portable/GCC/ARM_CM4F/port.o
                0x0000000008008560                SVC_Handler
 .text.prvPortStartFirstTask
                0x0000000008008588       0x28 ./Middlewares/Third_Party/FreeRTOS/Source/portable/GCC/ARM_CM4F/port.o
 .text.xPortStartScheduler
                0x00000000080085b0      0x144 ./Middlewares/Third_Party/FreeRTOS/Source/portable/GCC/ARM_CM4F/port.o
                0x00000000080085b0                xPortStartScheduler
 .text.vPortEnterCritical
                0x00000000080086f4       0x60 ./Middlewares/Third_Party/FreeRTOS/Source/portable/GCC/ARM_CM4F/port.o
                0x00000000080086f4                vPortEnterCritical
 .text.vPortExitCritical
                0x0000000008008754       0x54 ./Middlewares/Third_Party/FreeRTOS/Source/portable/GCC/ARM_CM4F/port.o
                0x0000000008008754                vPortExitCritical
 *fill*         0x00000000080087a8        0x8 
 .text.PendSV_Handler
                0x00000000080087b0       0x68 ./Middlewares/Third_Party/FreeRTOS/Source/portable/GCC/ARM_CM4F/port.o
                0x00000000080087b0                PendSV_Handler
 .text.xPortSysTickHandler
                0x0000000008008818       0x44 ./Middlewares/Third_Party/FreeRTOS/Source/portable/GCC/ARM_CM4F/port.o
                0x0000000008008818                xPortSysTickHandler
 .text.vPortSetupTimerInterrupt
                0x000000000800885c       0x48 ./Middlewares/Third_Party/FreeRTOS/Source/portable/GCC/ARM_CM4F/port.o
                0x000000000800885c                vPortSetupTimerInterrupt
 .text.vPortEnableVFP
                0x00000000080088a4       0x14 ./Middlewares/Third_Party/FreeRTOS/Source/portable/GCC/ARM_CM4F/port.o
 .text.vPortValidateInterruptPriority
                0x00000000080088b8       0x80 ./Middlewares/Third_Party/FreeRTOS/Source/portable/GCC/ARM_CM4F/port.o
                0x00000000080088b8                vPortValidateInterruptPriority
 .text.pvPortMalloc
                0x0000000008008938      0x198 ./Middlewares/Third_Party/FreeRTOS/Source/portable/MemMang/heap_4.o
                0x0000000008008938                pvPortMalloc
 .text.vPortFree
                0x0000000008008ad0       0xc4 ./Middlewares/Third_Party/FreeRTOS/Source/portable/MemMang/heap_4.o
                0x0000000008008ad0                vPortFree
 .text.prvHeapInit
                0x0000000008008b94       0xc4 ./Middlewares/Third_Party/FreeRTOS/Source/portable/MemMang/heap_4.o
 .text.prvInsertBlockIntoFreeList
                0x0000000008008c58       0xb4 ./Middlewares/Third_Party/FreeRTOS/Source/portable/MemMang/heap_4.o
 .text.__libc_init_array
                0x0000000008008d0c       0x48 c:/st/stm32cubeide_1.8.0/stm32cubeide/plugins/com.st.stm32cube.ide.mcu.externaltools.gnu-tools-for-stm32.9-2020-q2-update.win32_2.0.0.202105311346/tools/bin/../lib/gcc/arm-none-eabi/9.3.1/../../../../arm-none-eabi/lib/thumb/v7e-m+fp/hard\libc_nano.a(lib_a-init.o)
                0x0000000008008d0c                __libc_init_array
 .text.__retarget_lock_acquire_recursive
                0x0000000008008d54        0x2 c:/st/stm32cubeide_1.8.0/stm32cubeide/plugins/com.st.stm32cube.ide.mcu.externaltools.gnu-tools-for-stm32.9-2020-q2-update.win32_2.0.0.202105311346/tools/bin/../lib/gcc/arm-none-eabi/9.3.1/../../../../arm-none-eabi/lib/thumb/v7e-m+fp/hard\libc_nano.a(lib_a-lock.o)
                0x0000000008008d54                __retarget_lock_acquire_recursive
 .text.__retarget_lock_release_recursive
                0x0000000008008d56        0x2 c:/st/stm32cubeide_1.8.0/stm32cubeide/plugins/com.st.stm32cube.ide.mcu.externaltools.gnu-tools-for-stm32.9-2020-q2-update.win32_2.0.0.202105311346/tools/bin/../lib/gcc/arm-none-eabi/9.3.1/../../../../arm-none-eabi/lib/thumb/v7e-m+fp/hard\libc_nano.a(lib_a-lock.o)
                0x0000000008008d56                __retarget_lock_release_recursive
 .text.memcpy   0x0000000008008d58       0x1c c:/st/stm32cubeide_1.8.0/stm32cubeide/plugins/com.st.stm32cube.ide.mcu.externaltools.gnu-tools-for-stm32.9-2020-q2-update.win32_2.0.0.202105311346/tools/bin/../lib/gcc/arm-none-eabi/9.3.1/../../../../arm-none-eabi/lib/thumb/v7e-m+fp/hard\libc_nano.a(lib_a-memcpy-stub.o)
                0x0000000008008d58                memcpy
 .text.memset   0x0000000008008d74       0x10 c:/st/stm32cubeide_1.8.0/stm32cubeide/plugins/com.st.stm32cube.ide.mcu.externaltools.gnu-tools-for-stm32.9-2020-q2-update.win32_2.0.0.202105311346/tools/bin/../lib/gcc/arm-none-eabi/9.3.1/../../../../arm-none-eabi/lib/thumb/v7e-m+fp/hard\libc_nano.a(lib_a-memset.o)
                0x0000000008008d74                memset
 .text.cleanup_glue
                0x0000000008008d84       0x1a c:/st/stm32cubeide_1.8.0/stm32cubeide/plugins/com.st.stm32cube.ide.mcu.externaltools.gnu-tools-for-stm32.9-2020-q2-update.win32_2.0.0.202105311346/tools/bin/../lib/gcc/arm-none-eabi/9.3.1/../../../../arm-none-eabi/lib/thumb/v7e-m+fp/hard\libc_nano.a(lib_a-reent.o)
                0x0000000008008d84                cleanup_glue
 *fill*         0x0000000008008d9e        0x2 
 .text._reclaim_reent
                0x0000000008008da0       0xb8 c:/st/stm32cubeide_1.8.0/stm32cubeide/plugins/com.st.stm32cube.ide.mcu.externaltools.gnu-tools-for-stm32.9-2020-q2-update.win32_2.0.0.202105311346/tools/bin/../lib/gcc/arm-none-eabi/9.3.1/../../../../arm-none-eabi/lib/thumb/v7e-m+fp/hard\libc_nano.a(lib_a-reent.o)
                0x0000000008008da0                _reclaim_reent
 .text.__malloc_lock
                0x0000000008008e58        0xc c:/st/stm32cubeide_1.8.0/stm32cubeide/plugins/com.st.stm32cube.ide.mcu.externaltools.gnu-tools-for-stm32.9-2020-q2-update.win32_2.0.0.202105311346/tools/bin/../lib/gcc/arm-none-eabi/9.3.1/../../../../arm-none-eabi/lib/thumb/v7e-m+fp/hard\libc_nano.a(lib_a-mlock.o)
                0x0000000008008e58                __malloc_lock
 .text.__malloc_unlock
                0x0000000008008e64        0xc c:/st/stm32cubeide_1.8.0/stm32cubeide/plugins/com.st.stm32cube.ide.mcu.externaltools.gnu-tools-for-stm32.9-2020-q2-update.win32_2.0.0.202105311346/tools/bin/../lib/gcc/arm-none-eabi/9.3.1/../../../../arm-none-eabi/lib/thumb/v7e-m+fp/hard\libc_nano.a(lib_a-mlock.o)
                0x0000000008008e64                __malloc_unlock
 .text._free_r  0x0000000008008e70       0xa0 c:/st/stm32cubeide_1.8.0/stm32cubeide/plugins/com.st.stm32cube.ide.mcu.externaltools.gnu-tools-for-stm32.9-2020-q2-update.win32_2.0.0.202105311346/tools/bin/../lib/gcc/arm-none-eabi/9.3.1/../../../../arm-none-eabi/lib/thumb/v7e-m+fp/hard\libc_nano.a(lib_a-nano-freer.o)
                0x0000000008008e70                _free_r
 *(.glue_7)
 .glue_7        0x0000000008008f10        0x0 linker stubs
 *(.glue_7t)
 .glue_7t       0x0000000008008f10        0x0 linker stubs
 *(.eh_frame)
 .eh_frame      0x0000000008008f10        0x0 c:/st/stm32cubeide_1.8.0/stm32cubeide/plugins/com.st.stm32cube.ide.mcu.externaltools.gnu-tools-for-stm32.9-2020-q2-update.win32_2.0.0.202105311346/tools/bin/../lib/gcc/arm-none-eabi/9.3.1/thumb/v7e-m+fp/hard/crtbegin.o
 *(.init)
 .init          0x0000000008008f10        0x4 c:/st/stm32cubeide_1.8.0/stm32cubeide/plugins/com.st.stm32cube.ide.mcu.externaltools.gnu-tools-for-stm32.9-2020-q2-update.win32_2.0.0.202105311346/tools/bin/../lib/gcc/arm-none-eabi/9.3.1/thumb/v7e-m+fp/hard/crti.o
                0x0000000008008f10                _init
 .init          0x0000000008008f14        0x8 c:/st/stm32cubeide_1.8.0/stm32cubeide/plugins/com.st.stm32cube.ide.mcu.externaltools.gnu-tools-for-stm32.9-2020-q2-update.win32_2.0.0.202105311346/tools/bin/../lib/gcc/arm-none-eabi/9.3.1/thumb/v7e-m+fp/hard/crtn.o
 *(.fini)
 .fini          0x0000000008008f1c        0x4 c:/st/stm32cubeide_1.8.0/stm32cubeide/plugins/com.st.stm32cube.ide.mcu.externaltools.gnu-tools-for-stm32.9-2020-q2-update.win32_2.0.0.202105311346/tools/bin/../lib/gcc/arm-none-eabi/9.3.1/thumb/v7e-m+fp/hard/crti.o
                0x0000000008008f1c                _fini
 .fini          0x0000000008008f20        0x8 c:/st/stm32cubeide_1.8.0/stm32cubeide/plugins/com.st.stm32cube.ide.mcu.externaltools.gnu-tools-for-stm32.9-2020-q2-update.win32_2.0.0.202105311346/tools/bin/../lib/gcc/arm-none-eabi/9.3.1/thumb/v7e-m+fp/hard/crtn.o
                0x0000000008008f28                . = ALIGN (0x4)
                0x0000000008008f28                _etext = .

.vfp11_veneer   0x0000000008008f28        0x0
 .vfp11_veneer  0x0000000008008f28        0x0 linker stubs

.v4_bx          0x0000000008008f28        0x0
 .v4_bx         0x0000000008008f28        0x0 linker stubs

.iplt           0x0000000008008f28        0x0
 .iplt          0x0000000008008f28        0x0 c:/st/stm32cubeide_1.8.0/stm32cubeide/plugins/com.st.stm32cube.ide.mcu.externaltools.gnu-tools-for-stm32.9-2020-q2-update.win32_2.0.0.202105311346/tools/bin/../lib/gcc/arm-none-eabi/9.3.1/thumb/v7e-m+fp/hard/crtbegin.o

.rodata         0x0000000008008f28      0x174
                0x0000000008008f28                . = ALIGN (0x4)
 *(.rodata)
 .rodata        0x0000000008008f28        0xc ./Core/Src/main.o
 .rodata        0x0000000008008f34       0x5d ./Middlewares/Modbus/Src/Modbus_Slave.o
 *fill*         0x0000000008008f91        0x3 
 .rodata        0x0000000008008f94        0x5 ./Middlewares/Third_Party/FreeRTOS/Source/tasks.o
 *fill*         0x0000000008008f99        0x3 
 .rodata        0x0000000008008f9c        0xd ./Middlewares/Third_Party/FreeRTOS/Source/timers.o
 *(.rodata*)
 *fill*         0x0000000008008fa9        0x3 
 .rodata.defaultTask_attributes
                0x0000000008008fac       0x24 ./Core/Src/main.o
                0x0000000008008fac                defaultTask_attributes
 .rodata.AHBPrescTable
                0x0000000008008fd0       0x10 ./Core/Src/system_stm32f4xx.o
                0x0000000008008fd0                AHBPrescTable
 .rodata.APBPrescTable
                0x0000000008008fe0        0x8 ./Core/Src/system_stm32f4xx.o
                0x0000000008008fe0                APBPrescTable
 .rodata.QueueTelegram_attributes
                0x0000000008008fe8       0x18 ./Middlewares/Modbus/Src/Modbus_Slave.o
                0x0000000008008fe8                QueueTelegram_attributes
 .rodata.myTaskModbusA_attributes
                0x0000000008009000       0x24 ./Middlewares/Modbus/Src/Modbus_Slave.o
                0x0000000008009000                myTaskModbusA_attributes
 .rodata.ModBusSphr_attributes
                0x0000000008009024       0x10 ./Middlewares/Modbus/Src/Modbus_Slave.o
                0x0000000008009024                ModBusSphr_attributes
 .rodata.fctsupported
                0x0000000008009034        0x8 ./Middlewares/Modbus/Src/Modbus_Slave.o
                0x0000000008009034                fctsupported
 .rodata.__sf_fake_stderr
                0x000000000800903c       0x20 c:/st/stm32cubeide_1.8.0/stm32cubeide/plugins/com.st.stm32cube.ide.mcu.externaltools.gnu-tools-for-stm32.9-2020-q2-update.win32_2.0.0.202105311346/tools/bin/../lib/gcc/arm-none-eabi/9.3.1/../../../../arm-none-eabi/lib/thumb/v7e-m+fp/hard\libc_nano.a(lib_a-findfp.o)
                0x000000000800903c                __sf_fake_stderr
 .rodata.__sf_fake_stdin
                0x000000000800905c       0x20 c:/st/stm32cubeide_1.8.0/stm32cubeide/plugins/com.st.stm32cube.ide.mcu.externaltools.gnu-tools-for-stm32.9-2020-q2-update.win32_2.0.0.202105311346/tools/bin/../lib/gcc/arm-none-eabi/9.3.1/../../../../arm-none-eabi/lib/thumb/v7e-m+fp/hard\libc_nano.a(lib_a-findfp.o)
                0x000000000800905c                __sf_fake_stdin
 .rodata.__sf_fake_stdout
                0x000000000800907c       0x20 c:/st/stm32cubeide_1.8.0/stm32cubeide/plugins/com.st.stm32cube.ide.mcu.externaltools.gnu-tools-for-stm32.9-2020-q2-update.win32_2.0.0.202105311346/tools/bin/../lib/gcc/arm-none-eabi/9.3.1/../../../../arm-none-eabi/lib/thumb/v7e-m+fp/hard\libc_nano.a(lib_a-findfp.o)
                0x000000000800907c                __sf_fake_stdout
                0x000000000800909c                . = ALIGN (0x4)

.ARM.extab      0x000000000800909c        0x0
                0x000000000800909c                . = ALIGN (0x4)
 *(.ARM.extab* .gnu.linkonce.armextab.*)
                0x000000000800909c                . = ALIGN (0x4)

.ARM            0x000000000800909c        0x8
                0x000000000800909c                . = ALIGN (0x4)
                0x000000000800909c                __exidx_start = .
 *(.ARM.exidx*)
 .ARM.exidx     0x000000000800909c        0x8 c:/st/stm32cubeide_1.8.0/stm32cubeide/plugins/com.st.stm32cube.ide.mcu.externaltools.gnu-tools-for-stm32.9-2020-q2-update.win32_2.0.0.202105311346/tools/bin/../lib/gcc/arm-none-eabi/9.3.1/thumb/v7e-m+fp/hard\libgcc.a(_udivmoddi4.o)
                0x00000000080090a4                __exidx_end = .
                0x00000000080090a4                . = ALIGN (0x4)

.rel.dyn        0x00000000080090a4        0x0
 .rel.iplt      0x00000000080090a4        0x0 c:/st/stm32cubeide_1.8.0/stm32cubeide/plugins/com.st.stm32cube.ide.mcu.externaltools.gnu-tools-for-stm32.9-2020-q2-update.win32_2.0.0.202105311346/tools/bin/../lib/gcc/arm-none-eabi/9.3.1/thumb/v7e-m+fp/hard/crtbegin.o

.preinit_array  0x00000000080090a4        0x0
                0x00000000080090a4                . = ALIGN (0x4)
                0x00000000080090a4                PROVIDE (__preinit_array_start = .)
 *(.preinit_array*)
                0x00000000080090a4                PROVIDE (__preinit_array_end = .)
                0x00000000080090a4                . = ALIGN (0x4)

.init_array     0x00000000080090a4        0x4
                0x00000000080090a4                . = ALIGN (0x4)
                0x00000000080090a4                PROVIDE (__init_array_start = .)
 *(SORT_BY_NAME(.init_array.*))
 *(.init_array*)
 .init_array    0x00000000080090a4        0x4 c:/st/stm32cubeide_1.8.0/stm32cubeide/plugins/com.st.stm32cube.ide.mcu.externaltools.gnu-tools-for-stm32.9-2020-q2-update.win32_2.0.0.202105311346/tools/bin/../lib/gcc/arm-none-eabi/9.3.1/thumb/v7e-m+fp/hard/crtbegin.o
                0x00000000080090a8                PROVIDE (__init_array_end = .)
                0x00000000080090a8                . = ALIGN (0x4)

.fini_array     0x00000000080090a8        0x4
                0x00000000080090a8                . = ALIGN (0x4)
                [!provide]                        PROVIDE (__fini_array_start = .)
 *(SORT_BY_NAME(.fini_array.*))
 *(.fini_array*)
 .fini_array    0x00000000080090a8        0x4 c:/st/stm32cubeide_1.8.0/stm32cubeide/plugins/com.st.stm32cube.ide.mcu.externaltools.gnu-tools-for-stm32.9-2020-q2-update.win32_2.0.0.202105311346/tools/bin/../lib/gcc/arm-none-eabi/9.3.1/thumb/v7e-m+fp/hard/crtbegin.o
                [!provide]                        PROVIDE (__fini_array_end = .)
                0x00000000080090ac                . = ALIGN (0x4)
                0x00000000080090ac                _sidata = LOADADDR (.data)

.data           0x0000000020000000       0x74 load address 0x00000000080090ac
                0x0000000020000000                . = ALIGN (0x4)
                0x0000000020000000                _sdata = .
 *(.data)
 *(.data*)
 .data.SystemCoreClock
                0x0000000020000000        0x4 ./Core/Src/system_stm32f4xx.o
                0x0000000020000000                SystemCoreClock
 .data.uwTickPrio
                0x0000000020000004        0x4 ./Drivers/STM32F4xx_HAL_Driver/Src/stm32f4xx_hal.o
                0x0000000020000004                uwTickPrio
 .data.uwTickFreq
                0x0000000020000008        0x1 ./Drivers/STM32F4xx_HAL_Driver/Src/stm32f4xx_hal.o
                0x0000000020000008                uwTickFreq
 *fill*         0x0000000020000009        0x3 
 .data.uxCriticalNesting
                0x000000002000000c        0x4 ./Middlewares/Third_Party/FreeRTOS/Source/portable/GCC/ARM_CM4F/port.o
 .data._impure_ptr
                0x0000000020000010        0x4 c:/st/stm32cubeide_1.8.0/stm32cubeide/plugins/com.st.stm32cube.ide.mcu.externaltools.gnu-tools-for-stm32.9-2020-q2-update.win32_2.0.0.202105311346/tools/bin/../lib/gcc/arm-none-eabi/9.3.1/../../../../arm-none-eabi/lib/thumb/v7e-m+fp/hard\libc_nano.a(lib_a-impure.o)
                0x0000000020000010                _impure_ptr
 .data.impure_data
                0x0000000020000014       0x60 c:/st/stm32cubeide_1.8.0/stm32cubeide/plugins/com.st.stm32cube.ide.mcu.externaltools.gnu-tools-for-stm32.9-2020-q2-update.win32_2.0.0.202105311346/tools/bin/../lib/gcc/arm-none-eabi/9.3.1/../../../../arm-none-eabi/lib/thumb/v7e-m+fp/hard\libc_nano.a(lib_a-impure.o)
 *(.RamFunc)
 *(.RamFunc*)
                0x0000000020000074                . = ALIGN (0x4)
                0x0000000020000074                _edata = .
                0x0000000008009120                _siccmram = LOADADDR (.ccmram)

.igot.plt       0x0000000020000074        0x0 load address 0x0000000008009120
 .igot.plt      0x0000000020000074        0x0 c:/st/stm32cubeide_1.8.0/stm32cubeide/plugins/com.st.stm32cube.ide.mcu.externaltools.gnu-tools-for-stm32.9-2020-q2-update.win32_2.0.0.202105311346/tools/bin/../lib/gcc/arm-none-eabi/9.3.1/thumb/v7e-m+fp/hard/crtbegin.o

.ccmram         0x0000000010000000        0x0 load address 0x0000000008009120
                0x0000000010000000                . = ALIGN (0x4)
                0x0000000010000000                _sccmram = .
 *(.ccmram)
 *(.ccmram*)
                0x0000000010000000                . = ALIGN (0x4)
                0x0000000010000000                _eccmram = .
                0x0000000010000000                . = ALIGN (0x4)

.bss            0x0000000020000074     0x4ddc
                0x0000000020000074                _sbss = .
                0x0000000020000074                __bss_start__ = _sbss
 *(.bss)
 .bss           0x0000000020000074       0x1c c:/st/stm32cubeide_1.8.0/stm32cubeide/plugins/com.st.stm32cube.ide.mcu.externaltools.gnu-tools-for-stm32.9-2020-q2-update.win32_2.0.0.202105311346/tools/bin/../lib/gcc/arm-none-eabi/9.3.1/thumb/v7e-m+fp/hard/crtbegin.o
 *(.bss*)
 .bss.tCelsius  0x0000000020000090        0x4 ./Middlewares/DHT11/dht.o
                0x0000000020000090                tCelsius
 .bss.tFahrenheit
                0x0000000020000094        0x4 ./Middlewares/DHT11/dht.o
                0x0000000020000094                tFahrenheit
 .bss.RH        0x0000000020000098        0x4 ./Middlewares/DHT11/dht.o
                0x0000000020000098                RH
 .bss.numberHandlers
                0x000000002000009c        0x1 ./Middlewares/Modbus/Src/Modbus_Slave.o
                0x000000002000009c                numberHandlers
 *fill*         0x000000002000009d        0x3 
 .bss.KernelState
                0x00000000200000a0        0x4 ./Middlewares/Third_Party/FreeRTOS/Source/CMSIS_RTOS_V2/cmsis_os2.o
 .bss.Idle_TCB.10193
                0x00000000200000a4       0xbc ./Middlewares/Third_Party/FreeRTOS/Source/CMSIS_RTOS_V2/cmsis_os2.o
 .bss.Idle_Stack.10194
                0x0000000020000160      0x200 ./Middlewares/Third_Party/FreeRTOS/Source/CMSIS_RTOS_V2/cmsis_os2.o
 .bss.Timer_TCB.10200
                0x0000000020000360       0xbc ./Middlewares/Third_Party/FreeRTOS/Source/CMSIS_RTOS_V2/cmsis_os2.o
 .bss.Timer_Stack.10201
                0x000000002000041c      0x400 ./Middlewares/Third_Party/FreeRTOS/Source/CMSIS_RTOS_V2/cmsis_os2.o
 .bss.pxCurrentTCB
                0x000000002000081c        0x4 ./Middlewares/Third_Party/FreeRTOS/Source/tasks.o
                0x000000002000081c                pxCurrentTCB
 .bss.pxReadyTasksLists
                0x0000000020000820      0x460 ./Middlewares/Third_Party/FreeRTOS/Source/tasks.o
 .bss.xDelayedTaskList1
                0x0000000020000c80       0x14 ./Middlewares/Third_Party/FreeRTOS/Source/tasks.o
 .bss.xDelayedTaskList2
                0x0000000020000c94       0x14 ./Middlewares/Third_Party/FreeRTOS/Source/tasks.o
 .bss.pxDelayedTaskList
                0x0000000020000ca8        0x4 ./Middlewares/Third_Party/FreeRTOS/Source/tasks.o
 .bss.pxOverflowDelayedTaskList
                0x0000000020000cac        0x4 ./Middlewares/Third_Party/FreeRTOS/Source/tasks.o
 .bss.xPendingReadyList
                0x0000000020000cb0       0x14 ./Middlewares/Third_Party/FreeRTOS/Source/tasks.o
 .bss.xTasksWaitingTermination
                0x0000000020000cc4       0x14 ./Middlewares/Third_Party/FreeRTOS/Source/tasks.o
 .bss.uxDeletedTasksWaitingCleanUp
                0x0000000020000cd8        0x4 ./Middlewares/Third_Party/FreeRTOS/Source/tasks.o
 .bss.xSuspendedTaskList
                0x0000000020000cdc       0x14 ./Middlewares/Third_Party/FreeRTOS/Source/tasks.o
 .bss.uxCurrentNumberOfTasks
                0x0000000020000cf0        0x4 ./Middlewares/Third_Party/FreeRTOS/Source/tasks.o
 .bss.xTickCount
                0x0000000020000cf4        0x4 ./Middlewares/Third_Party/FreeRTOS/Source/tasks.o
 .bss.uxTopReadyPriority
                0x0000000020000cf8        0x4 ./Middlewares/Third_Party/FreeRTOS/Source/tasks.o
 .bss.xSchedulerRunning
                0x0000000020000cfc        0x4 ./Middlewares/Third_Party/FreeRTOS/Source/tasks.o
 .bss.xPendedTicks
                0x0000000020000d00        0x4 ./Middlewares/Third_Party/FreeRTOS/Source/tasks.o
 .bss.xYieldPending
                0x0000000020000d04        0x4 ./Middlewares/Third_Party/FreeRTOS/Source/tasks.o
 .bss.xNumOfOverflows
                0x0000000020000d08        0x4 ./Middlewares/Third_Party/FreeRTOS/Source/tasks.o
 .bss.uxTaskNumber
                0x0000000020000d0c        0x4 ./Middlewares/Third_Party/FreeRTOS/Source/tasks.o
 .bss.xNextTaskUnblockTime
                0x0000000020000d10        0x4 ./Middlewares/Third_Party/FreeRTOS/Source/tasks.o
 .bss.xIdleTaskHandle
                0x0000000020000d14        0x4 ./Middlewares/Third_Party/FreeRTOS/Source/tasks.o
 .bss.uxSchedulerSuspended
                0x0000000020000d18        0x4 ./Middlewares/Third_Party/FreeRTOS/Source/tasks.o
 .bss.xActiveTimerList1
                0x0000000020000d1c       0x14 ./Middlewares/Third_Party/FreeRTOS/Source/timers.o
 .bss.xActiveTimerList2
                0x0000000020000d30       0x14 ./Middlewares/Third_Party/FreeRTOS/Source/timers.o
 .bss.pxCurrentTimerList
                0x0000000020000d44        0x4 ./Middlewares/Third_Party/FreeRTOS/Source/timers.o
 .bss.pxOverflowTimerList
                0x0000000020000d48        0x4 ./Middlewares/Third_Party/FreeRTOS/Source/timers.o
 .bss.xTimerQueue
                0x0000000020000d4c        0x4 ./Middlewares/Third_Party/FreeRTOS/Source/timers.o
 .bss.xTimerTaskHandle
                0x0000000020000d50        0x4 ./Middlewares/Third_Party/FreeRTOS/Source/timers.o
 .bss.xLastTime.7012
                0x0000000020000d54        0x4 ./Middlewares/Third_Party/FreeRTOS/Source/timers.o
 .bss.ucStaticTimerQueueStorage.7063
                0x0000000020000d58       0xa0 ./Middlewares/Third_Party/FreeRTOS/Source/timers.o
 .bss.xStaticTimerQueue.7062
                0x0000000020000df8       0x50 ./Middlewares/Third_Party/FreeRTOS/Source/timers.o
 .bss.ucMaxSysCallPriority
                0x0000000020000e48        0x1 ./Middlewares/Third_Party/FreeRTOS/Source/portable/GCC/ARM_CM4F/port.o
 *fill*         0x0000000020000e49        0x3 
 .bss.ulMaxPRIGROUPValue
                0x0000000020000e4c        0x4 ./Middlewares/Third_Party/FreeRTOS/Source/portable/GCC/ARM_CM4F/port.o
 .bss.ucHeap    0x0000000020000e50     0x3c00 ./Middlewares/Third_Party/FreeRTOS/Source/portable/MemMang/heap_4.o
 .bss.xStart    0x0000000020004a50        0x8 ./Middlewares/Third_Party/FreeRTOS/Source/portable/MemMang/heap_4.o
 .bss.pxEnd     0x0000000020004a58        0x4 ./Middlewares/Third_Party/FreeRTOS/Source/portable/MemMang/heap_4.o
 .bss.xFreeBytesRemaining
                0x0000000020004a5c        0x4 ./Middlewares/Third_Party/FreeRTOS/Source/portable/MemMang/heap_4.o
 .bss.xMinimumEverFreeBytesRemaining
                0x0000000020004a60        0x4 ./Middlewares/Third_Party/FreeRTOS/Source/portable/MemMang/heap_4.o
 .bss.xNumberOfSuccessfulAllocations
                0x0000000020004a64        0x4 ./Middlewares/Third_Party/FreeRTOS/Source/portable/MemMang/heap_4.o
 .bss.xNumberOfSuccessfulFrees
                0x0000000020004a68        0x4 ./Middlewares/Third_Party/FreeRTOS/Source/portable/MemMang/heap_4.o
 .bss.xBlockAllocatedBit
                0x0000000020004a6c        0x4 ./Middlewares/Third_Party/FreeRTOS/Source/portable/MemMang/heap_4.o
 .bss.__malloc_free_list
                0x0000000020004a70        0x4 c:/st/stm32cubeide_1.8.0/stm32cubeide/plugins/com.st.stm32cube.ide.mcu.externaltools.gnu-tools-for-stm32.9-2020-q2-update.win32_2.0.0.202105311346/tools/bin/../lib/gcc/arm-none-eabi/9.3.1/../../../../arm-none-eabi/lib/thumb/v7e-m+fp/hard\libc_nano.a(lib_a-nano-mallocr.o)
                0x0000000020004a70                __malloc_free_list
 *(COMMON)
 COMMON         0x0000000020004a74      0x154 ./Core/Src/main.o
                0x0000000020004a74                defaultTaskHandle
                0x0000000020004a78                DHT1
                0x0000000020004af0                htim5
                0x0000000020004b38                Count
                0x0000000020004b3c                htim1
                0x0000000020004b84                huart2
 COMMON         0x0000000020004bc8        0x4 ./Drivers/STM32F4xx_HAL_Driver/Src/stm32f4xx_hal.o
                0x0000000020004bc8                uwTick
 COMMON         0x0000000020004bcc       0x13 ./Middlewares/DHT11/dht.o
                0x0000000020004bcc                TCD
                0x0000000020004bd0                cMillis
                0x0000000020004bd4                RHI
                0x0000000020004bd8                pMillis
                0x0000000020004bdc                RHD
                0x0000000020004bdd                SUM
                0x0000000020004bde                TCI
 *fill*         0x0000000020004bdf        0x1 
 COMMON         0x0000000020004be0       0x1c ./Middlewares/Modbus/Src/Modbus2Gui.o
                0x0000000020004be0                Q_Mb2Gui_Gpio1
                0x0000000020004be4                Q_Mb2Gui_Gpio4
                0x0000000020004be8                Q_Mb2Gui_Gpio2
                0x0000000020004bec                Q_Mb2Gui_Gpio3
                0x0000000020004bf0                Q_Mb2Gui_Gpio0
                0x0000000020004bf4                Q_Mb2Gui_AcTempUpdate
                0x0000000020004bf8                Q_Mb2Gui_AcOnOff
 COMMON         0x0000000020004bfc      0x208 ./Middlewares/Modbus/Src/Modbus_Slave.o
                0x0000000020004bfc                SlaveDevice
                0x0000000020004c9c                mHandlers
                0x0000000020004ca4                ModbusDATA
                0x0000000020004cb8                Slave_Modbus
 COMMON         0x0000000020004e04       0x40 ./Middlewares/Third_Party/FreeRTOS/Source/queue.o
                0x0000000020004e04                xQueueRegistry
 COMMON         0x0000000020004e44        0x9 c:/st/stm32cubeide_1.8.0/stm32cubeide/plugins/com.st.stm32cube.ide.mcu.externaltools.gnu-tools-for-stm32.9-2020-q2-update.win32_2.0.0.202105311346/tools/bin/../lib/gcc/arm-none-eabi/9.3.1/../../../../arm-none-eabi/lib/thumb/v7e-m+fp/hard\libc_nano.a(lib_a-lock.o)
                0x0000000020004e44                __lock___atexit_recursive_mutex
                0x0000000020004e45                __lock___arc4random_mutex
                0x0000000020004e46                __lock___env_recursive_mutex
                0x0000000020004e47                __lock___sinit_recursive_mutex
                0x0000000020004e48                __lock___malloc_recursive_mutex
                0x0000000020004e49                __lock___at_quick_exit_mutex
                0x0000000020004e4a                __lock___dd_hash_mutex
                0x0000000020004e4b                __lock___tz_mutex
                0x0000000020004e4c                __lock___sfp_recursive_mutex
                0x0000000020004e50                . = ALIGN (0x4)
 *fill*         0x0000000020004e4d        0x3 
                0x0000000020004e50                _ebss = .
                0x0000000020004e50                __bss_end__ = _ebss

._user_heap_stack
                0x0000000020004e50      0x600
                0x0000000020004e50                . = ALIGN (0x8)
                [!provide]                        PROVIDE (end = .)
                0x0000000020004e50                PROVIDE (_end = .)
                0x0000000020005050                . = (. + _Min_Heap_Size)
 *fill*         0x0000000020004e50      0x200 
                0x0000000020005450                . = (. + _Min_Stack_Size)
 *fill*         0x0000000020005050      0x400 
                0x0000000020005450                . = ALIGN (0x8)

/DISCARD/
 libc.a(*)
 libm.a(*)
 libgcc.a(*)

.ARM.attributes
                0x0000000000000000       0x30
 *(.ARM.attributes)
 .ARM.attributes
                0x0000000000000000       0x1e c:/st/stm32cubeide_1.8.0/stm32cubeide/plugins/com.st.stm32cube.ide.mcu.externaltools.gnu-tools-for-stm32.9-2020-q2-update.win32_2.0.0.202105311346/tools/bin/../lib/gcc/arm-none-eabi/9.3.1/thumb/v7e-m+fp/hard/crti.o
 .ARM.attributes
                0x000000000000001e       0x34 c:/st/stm32cubeide_1.8.0/stm32cubeide/plugins/com.st.stm32cube.ide.mcu.externaltools.gnu-tools-for-stm32.9-2020-q2-update.win32_2.0.0.202105311346/tools/bin/../lib/gcc/arm-none-eabi/9.3.1/thumb/v7e-m+fp/hard/crtbegin.o
 .ARM.attributes
                0x0000000000000052       0x34 ./Core/Src/main.o
 .ARM.attributes
                0x0000000000000086       0x34 ./Core/Src/stm32f4xx_hal_msp.o
 .ARM.attributes
                0x00000000000000ba       0x34 ./Core/Src/stm32f4xx_it.o
 .ARM.attributes
                0x00000000000000ee       0x34 ./Core/Src/system_stm32f4xx.o
 .ARM.attributes
                0x0000000000000122       0x21 ./Core/Startup/startup_stm32f407vgtx.o
 .ARM.attributes
                0x0000000000000143       0x34 ./Drivers/STM32F4xx_HAL_Driver/Src/stm32f4xx_hal.o
 .ARM.attributes
                0x0000000000000177       0x34 ./Drivers/STM32F4xx_HAL_Driver/Src/stm32f4xx_hal_cortex.o
 .ARM.attributes
                0x00000000000001ab       0x34 ./Drivers/STM32F4xx_HAL_Driver/Src/stm32f4xx_hal_dma.o
 .ARM.attributes
                0x00000000000001df       0x34 ./Drivers/STM32F4xx_HAL_Driver/Src/stm32f4xx_hal_gpio.o
 .ARM.attributes
                0x0000000000000213       0x34 ./Drivers/STM32F4xx_HAL_Driver/Src/stm32f4xx_hal_rcc.o
 .ARM.attributes
                0x0000000000000247       0x34 ./Drivers/STM32F4xx_HAL_Driver/Src/stm32f4xx_hal_tim.o
 .ARM.attributes
                0x000000000000027b       0x34 ./Drivers/STM32F4xx_HAL_Driver/Src/stm32f4xx_hal_tim_ex.o
 .ARM.attributes
                0x00000000000002af       0x34 ./Drivers/STM32F4xx_HAL_Driver/Src/stm32f4xx_hal_uart.o
 .ARM.attributes
                0x00000000000002e3       0x34 ./Middlewares/DHT11/dht.o
 .ARM.attributes
                0x0000000000000317       0x34 ./Middlewares/Modbus/Src/Modbus2Gpio.o
 .ARM.attributes
                0x000000000000034b       0x34 ./Middlewares/Modbus/Src/Modbus2Gui.o
 .ARM.attributes
                0x000000000000037f       0x34 ./Middlewares/Modbus/Src/Modbus_DeviceTrace.o
 .ARM.attributes
                0x00000000000003b3       0x34 ./Middlewares/Modbus/Src/Modbus_Func.o
 .ARM.attributes
                0x00000000000003e7       0x34 ./Middlewares/Modbus/Src/Modbus_Slave.o
 .ARM.attributes
                0x000000000000041b       0x34 ./Middlewares/Modbus/Src/TCP_Slave_Function.o
 .ARM.attributes
                0x000000000000044f       0x34 ./Middlewares/Modbus/Src/UARTCallback.o
 .ARM.attributes
                0x0000000000000483       0x34 ./Middlewares/Third_Party/FreeRTOS/Source/CMSIS_RTOS_V2/cmsis_os2.o
 .ARM.attributes
                0x00000000000004b7       0x34 ./Middlewares/Third_Party/FreeRTOS/Source/list.o
 .ARM.attributes
                0x00000000000004eb       0x34 ./Middlewares/Third_Party/FreeRTOS/Source/queue.o
 .ARM.attributes
                0x000000000000051f       0x34 ./Middlewares/Third_Party/FreeRTOS/Source/tasks.o
 .ARM.attributes
                0x0000000000000553       0x34 ./Middlewares/Third_Party/FreeRTOS/Source/timers.o
 .ARM.attributes
                0x0000000000000587       0x34 ./Middlewares/Third_Party/FreeRTOS/Source/portable/GCC/ARM_CM4F/port.o
 .ARM.attributes
                0x00000000000005bb       0x34 ./Middlewares/Third_Party/FreeRTOS/Source/portable/MemMang/heap_4.o
 .ARM.attributes
                0x00000000000005ef       0x34 c:/st/stm32cubeide_1.8.0/stm32cubeide/plugins/com.st.stm32cube.ide.mcu.externaltools.gnu-tools-for-stm32.9-2020-q2-update.win32_2.0.0.202105311346/tools/bin/../lib/gcc/arm-none-eabi/9.3.1/../../../../arm-none-eabi/lib/thumb/v7e-m+fp/hard\libc_nano.a(lib_a-findfp.o)
 .ARM.attributes
                0x0000000000000623       0x32 c:/st/stm32cubeide_1.8.0/stm32cubeide/plugins/com.st.stm32cube.ide.mcu.externaltools.gnu-tools-for-stm32.9-2020-q2-update.win32_2.0.0.202105311346/tools/bin/../lib/gcc/arm-none-eabi/9.3.1/../../../../arm-none-eabi/lib/thumb/v7e-m+fp/hard\libc_nano.a(lib_a-impure.o)
 .ARM.attributes
                0x0000000000000655       0x34 c:/st/stm32cubeide_1.8.0/stm32cubeide/plugins/com.st.stm32cube.ide.mcu.externaltools.gnu-tools-for-stm32.9-2020-q2-update.win32_2.0.0.202105311346/tools/bin/../lib/gcc/arm-none-eabi/9.3.1/../../../../arm-none-eabi/lib/thumb/v7e-m+fp/hard\libc_nano.a(lib_a-init.o)
 .ARM.attributes
                0x0000000000000689       0x34 c:/st/stm32cubeide_1.8.0/stm32cubeide/plugins/com.st.stm32cube.ide.mcu.externaltools.gnu-tools-for-stm32.9-2020-q2-update.win32_2.0.0.202105311346/tools/bin/../lib/gcc/arm-none-eabi/9.3.1/../../../../arm-none-eabi/lib/thumb/v7e-m+fp/hard\libc_nano.a(lib_a-lock.o)
 .ARM.attributes
                0x00000000000006bd       0x34 c:/st/stm32cubeide_1.8.0/stm32cubeide/plugins/com.st.stm32cube.ide.mcu.externaltools.gnu-tools-for-stm32.9-2020-q2-update.win32_2.0.0.202105311346/tools/bin/../lib/gcc/arm-none-eabi/9.3.1/../../../../arm-none-eabi/lib/thumb/v7e-m+fp/hard\libc_nano.a(lib_a-memcpy-stub.o)
 .ARM.attributes
                0x00000000000006f1       0x34 c:/st/stm32cubeide_1.8.0/stm32cubeide/plugins/com.st.stm32cube.ide.mcu.externaltools.gnu-tools-for-stm32.9-2020-q2-update.win32_2.0.0.202105311346/tools/bin/../lib/gcc/arm-none-eabi/9.3.1/../../../../arm-none-eabi/lib/thumb/v7e-m+fp/hard\libc_nano.a(lib_a-memset.o)
 .ARM.attributes
                0x0000000000000725       0x34 c:/st/stm32cubeide_1.8.0/stm32cubeide/plugins/com.st.stm32cube.ide.mcu.externaltools.gnu-tools-for-stm32.9-2020-q2-update.win32_2.0.0.202105311346/tools/bin/../lib/gcc/arm-none-eabi/9.3.1/../../../../arm-none-eabi/lib/thumb/v7e-m+fp/hard\libc_nano.a(lib_a-nano-mallocr.o)
 .ARM.attributes
                0x0000000000000759       0x34 c:/st/stm32cubeide_1.8.0/stm32cubeide/plugins/com.st.stm32cube.ide.mcu.externaltools.gnu-tools-for-stm32.9-2020-q2-update.win32_2.0.0.202105311346/tools/bin/../lib/gcc/arm-none-eabi/9.3.1/../../../../arm-none-eabi/lib/thumb/v7e-m+fp/hard\libc_nano.a(lib_a-reent.o)
 .ARM.attributes
                0x000000000000078d       0x34 c:/st/stm32cubeide_1.8.0/stm32cubeide/plugins/com.st.stm32cube.ide.mcu.externaltools.gnu-tools-for-stm32.9-2020-q2-update.win32_2.0.0.202105311346/tools/bin/../lib/gcc/arm-none-eabi/9.3.1/../../../../arm-none-eabi/lib/thumb/v7e-m+fp/hard\libc_nano.a(lib_a-mlock.o)
 .ARM.attributes
                0x00000000000007c1       0x34 c:/st/stm32cubeide_1.8.0/stm32cubeide/plugins/com.st.stm32cube.ide.mcu.externaltools.gnu-tools-for-stm32.9-2020-q2-update.win32_2.0.0.202105311346/tools/bin/../lib/gcc/arm-none-eabi/9.3.1/../../../../arm-none-eabi/lib/thumb/v7e-m+fp/hard\libc_nano.a(lib_a-nano-freer.o)
 .ARM.attributes
                0x00000000000007f5       0x1e c:/st/stm32cubeide_1.8.0/stm32cubeide/plugins/com.st.stm32cube.ide.mcu.externaltools.gnu-tools-for-stm32.9-2020-q2-update.win32_2.0.0.202105311346/tools/bin/../lib/gcc/arm-none-eabi/9.3.1/thumb/v7e-m+fp/hard\libgcc.a(_arm_addsubdf3.o)
 .ARM.attributes
                0x0000000000000813       0x1e c:/st/stm32cubeide_1.8.0/stm32cubeide/plugins/com.st.stm32cube.ide.mcu.externaltools.gnu-tools-for-stm32.9-2020-q2-update.win32_2.0.0.202105311346/tools/bin/../lib/gcc/arm-none-eabi/9.3.1/thumb/v7e-m+fp/hard\libgcc.a(_arm_muldivdf3.o)
 .ARM.attributes
                0x0000000000000831       0x1e c:/st/stm32cubeide_1.8.0/stm32cubeide/plugins/com.st.stm32cube.ide.mcu.externaltools.gnu-tools-for-stm32.9-2020-q2-update.win32_2.0.0.202105311346/tools/bin/../lib/gcc/arm-none-eabi/9.3.1/thumb/v7e-m+fp/hard\libgcc.a(_arm_truncdfsf2.o)
 .ARM.attributes
                0x000000000000084f       0x1e c:/st/stm32cubeide_1.8.0/stm32cubeide/plugins/com.st.stm32cube.ide.mcu.externaltools.gnu-tools-for-stm32.9-2020-q2-update.win32_2.0.0.202105311346/tools/bin/../lib/gcc/arm-none-eabi/9.3.1/thumb/v7e-m+fp/hard\libgcc.a(_aeabi_uldivmod.o)
 .ARM.attributes
                0x000000000000086d       0x34 c:/st/stm32cubeide_1.8.0/stm32cubeide/plugins/com.st.stm32cube.ide.mcu.externaltools.gnu-tools-for-stm32.9-2020-q2-update.win32_2.0.0.202105311346/tools/bin/../lib/gcc/arm-none-eabi/9.3.1/thumb/v7e-m+fp/hard\libgcc.a(_udivmoddi4.o)
 .ARM.attributes
                0x00000000000008a1       0x1e c:/st/stm32cubeide_1.8.0/stm32cubeide/plugins/com.st.stm32cube.ide.mcu.externaltools.gnu-tools-for-stm32.9-2020-q2-update.win32_2.0.0.202105311346/tools/bin/../lib/gcc/arm-none-eabi/9.3.1/thumb/v7e-m+fp/hard\libgcc.a(_dvmd_tls.o)
 .ARM.attributes
                0x00000000000008bf       0x1e c:/st/stm32cubeide_1.8.0/stm32cubeide/plugins/com.st.stm32cube.ide.mcu.externaltools.gnu-tools-for-stm32.9-2020-q2-update.win32_2.0.0.202105311346/tools/bin/../lib/gcc/arm-none-eabi/9.3.1/thumb/v7e-m+fp/hard/crtn.o
OUTPUT(STM32F407_RTU_SLAVE.elf elf32-littlearm)
LOAD linker stubs
LOAD c:/st/stm32cubeide_1.8.0/stm32cubeide/plugins/com.st.stm32cube.ide.mcu.externaltools.gnu-tools-for-stm32.9-2020-q2-update.win32_2.0.0.202105311346/tools/bin/../lib/gcc/arm-none-eabi/9.3.1/../../../../arm-none-eabi/lib/thumb/v7e-m+fp/hard\libc.a
LOAD c:/st/stm32cubeide_1.8.0/stm32cubeide/plugins/com.st.stm32cube.ide.mcu.externaltools.gnu-tools-for-stm32.9-2020-q2-update.win32_2.0.0.202105311346/tools/bin/../lib/gcc/arm-none-eabi/9.3.1/../../../../arm-none-eabi/lib/thumb/v7e-m+fp/hard\libm.a
LOAD c:/st/stm32cubeide_1.8.0/stm32cubeide/plugins/com.st.stm32cube.ide.mcu.externaltools.gnu-tools-for-stm32.9-2020-q2-update.win32_2.0.0.202105311346/tools/bin/../lib/gcc/arm-none-eabi/9.3.1/thumb/v7e-m+fp/hard\libgcc.a

.debug_info     0x0000000000000000    0x26ebb
 .debug_info    0x0000000000000000     0x2134 ./Core/Src/main.o
 .debug_info    0x0000000000002134      0xfeb ./Core/Src/stm32f4xx_hal_msp.o
 .debug_info    0x000000000000311f      0xf95 ./Core/Src/stm32f4xx_it.o
 .debug_info    0x00000000000040b4      0x5a4 ./Core/Src/system_stm32f4xx.o
 .debug_info    0x0000000000004658       0x22 ./Core/Startup/startup_stm32f407vgtx.o
 .debug_info    0x000000000000467a      0x9b2 ./Drivers/STM32F4xx_HAL_Driver/Src/stm32f4xx_hal.o
 .debug_info    0x000000000000502c      0xed7 ./Drivers/STM32F4xx_HAL_Driver/Src/stm32f4xx_hal_cortex.o
 .debug_info    0x0000000000005f03      0x9f1 ./Drivers/STM32F4xx_HAL_Driver/Src/stm32f4xx_hal_dma.o
 .debug_info    0x00000000000068f4      0x83e ./Drivers/STM32F4xx_HAL_Driver/Src/stm32f4xx_hal_gpio.o
 .debug_info    0x0000000000007132      0x996 ./Drivers/STM32F4xx_HAL_Driver/Src/stm32f4xx_hal_rcc.o
 .debug_info    0x0000000000007ac8     0x2c22 ./Drivers/STM32F4xx_HAL_Driver/Src/stm32f4xx_hal_tim.o
 .debug_info    0x000000000000a6ea     0x15a2 ./Drivers/STM32F4xx_HAL_Driver/Src/stm32f4xx_hal_tim_ex.o
 .debug_info    0x000000000000bc8c     0x31de ./Drivers/STM32F4xx_HAL_Driver/Src/stm32f4xx_hal_uart.o
 .debug_info    0x000000000000ee6a      0xa25 ./Middlewares/DHT11/dht.o
 .debug_info    0x000000000000f88f     0x147e ./Middlewares/Modbus/Src/Modbus2Gpio.o
 .debug_info    0x0000000000010d0d     0x15c5 ./Middlewares/Modbus/Src/Modbus2Gui.o
 .debug_info    0x00000000000122d2     0x162b ./Middlewares/Modbus/Src/Modbus_DeviceTrace.o
 .debug_info    0x00000000000138fd     0x1700 ./Middlewares/Modbus/Src/Modbus_Func.o
 .debug_info    0x0000000000014ffd     0x21d8 ./Middlewares/Modbus/Src/Modbus_Slave.o
 .debug_info    0x00000000000171d5     0x1939 ./Middlewares/Modbus/Src/TCP_Slave_Function.o
 .debug_info    0x0000000000018b0e     0x14df ./Middlewares/Modbus/Src/UARTCallback.o
 .debug_info    0x0000000000019fed     0x3da3 ./Middlewares/Third_Party/FreeRTOS/Source/CMSIS_RTOS_V2/cmsis_os2.o
 .debug_info    0x000000000001dd90      0xb82 ./Middlewares/Third_Party/FreeRTOS/Source/list.o
 .debug_info    0x000000000001e912     0x23b0 ./Middlewares/Third_Party/FreeRTOS/Source/queue.o
 .debug_info    0x0000000000020cc2     0x2ae2 ./Middlewares/Third_Party/FreeRTOS/Source/tasks.o
 .debug_info    0x00000000000237a4     0x1c03 ./Middlewares/Third_Party/FreeRTOS/Source/timers.o
 .debug_info    0x00000000000253a7      0xd8a ./Middlewares/Third_Party/FreeRTOS/Source/portable/GCC/ARM_CM4F/port.o
 .debug_info    0x0000000000026131      0xd8a ./Middlewares/Third_Party/FreeRTOS/Source/portable/MemMang/heap_4.o

.debug_abbrev   0x0000000000000000     0x46c4
 .debug_abbrev  0x0000000000000000      0x33c ./Core/Src/main.o
 .debug_abbrev  0x000000000000033c      0x1e4 ./Core/Src/stm32f4xx_hal_msp.o
 .debug_abbrev  0x0000000000000520      0x1e0 ./Core/Src/stm32f4xx_it.o
 .debug_abbrev  0x0000000000000700      0x145 ./Core/Src/system_stm32f4xx.o
 .debug_abbrev  0x0000000000000845       0x12 ./Core/Startup/startup_stm32f407vgtx.o
 .debug_abbrev  0x0000000000000857      0x1ed ./Drivers/STM32F4xx_HAL_Driver/Src/stm32f4xx_hal.o
 .debug_abbrev  0x0000000000000a44      0x33c ./Drivers/STM32F4xx_HAL_Driver/Src/stm32f4xx_hal_cortex.o
 .debug_abbrev  0x0000000000000d80      0x259 ./Drivers/STM32F4xx_HAL_Driver/Src/stm32f4xx_hal_dma.o
 .debug_abbrev  0x0000000000000fd9      0x1f1 ./Drivers/STM32F4xx_HAL_Driver/Src/stm32f4xx_hal_gpio.o
 .debug_abbrev  0x00000000000011ca      0x275 ./Drivers/STM32F4xx_HAL_Driver/Src/stm32f4xx_hal_rcc.o
 .debug_abbrev  0x000000000000143f      0x25e ./Drivers/STM32F4xx_HAL_Driver/Src/stm32f4xx_hal_tim.o
 .debug_abbrev  0x000000000000169d      0x266 ./Drivers/STM32F4xx_HAL_Driver/Src/stm32f4xx_hal_tim_ex.o
 .debug_abbrev  0x0000000000001903      0x2eb ./Drivers/STM32F4xx_HAL_Driver/Src/stm32f4xx_hal_uart.o
 .debug_abbrev  0x0000000000001bee      0x200 ./Middlewares/DHT11/dht.o
 .debug_abbrev  0x0000000000001dee      0x215 ./Middlewares/Modbus/Src/Modbus2Gpio.o
 .debug_abbrev  0x0000000000002003      0x267 ./Middlewares/Modbus/Src/Modbus2Gui.o
 .debug_abbrev  0x000000000000226a      0x27e ./Middlewares/Modbus/Src/Modbus_DeviceTrace.o
 .debug_abbrev  0x00000000000024e8      0x2a5 ./Middlewares/Modbus/Src/Modbus_Func.o
 .debug_abbrev  0x000000000000278d      0x370 ./Middlewares/Modbus/Src/Modbus_Slave.o
 .debug_abbrev  0x0000000000002afd      0x2b2 ./Middlewares/Modbus/Src/TCP_Slave_Function.o
 .debug_abbrev  0x0000000000002daf      0x242 ./Middlewares/Modbus/Src/UARTCallback.o
 .debug_abbrev  0x0000000000002ff1      0x4a3 ./Middlewares/Third_Party/FreeRTOS/Source/CMSIS_RTOS_V2/cmsis_os2.o
 .debug_abbrev  0x0000000000003494      0x1f7 ./Middlewares/Third_Party/FreeRTOS/Source/list.o
 .debug_abbrev  0x000000000000368b      0x380 ./Middlewares/Third_Party/FreeRTOS/Source/queue.o
 .debug_abbrev  0x0000000000003a0b      0x39a ./Middlewares/Third_Party/FreeRTOS/Source/tasks.o
 .debug_abbrev  0x0000000000003da5      0x317 ./Middlewares/Third_Party/FreeRTOS/Source/timers.o
 .debug_abbrev  0x00000000000040bc      0x335 ./Middlewares/Third_Party/FreeRTOS/Source/portable/GCC/ARM_CM4F/port.o
 .debug_abbrev  0x00000000000043f1      0x2d3 ./Middlewares/Third_Party/FreeRTOS/Source/portable/MemMang/heap_4.o

.debug_aranges  0x0000000000000000     0x1650
 .debug_aranges
                0x0000000000000000       0x58 ./Core/Src/main.o
 .debug_aranges
                0x0000000000000058       0x40 ./Core/Src/stm32f4xx_hal_msp.o
 .debug_aranges
                0x0000000000000098       0x58 ./Core/Src/stm32f4xx_it.o
 .debug_aranges
                0x00000000000000f0       0x28 ./Core/Src/system_stm32f4xx.o
 .debug_aranges
                0x0000000000000118       0x28 ./Core/Startup/startup_stm32f407vgtx.o
 .debug_aranges
                0x0000000000000140       0xf0 ./Drivers/STM32F4xx_HAL_Driver/Src/stm32f4xx_hal.o
 .debug_aranges
                0x0000000000000230      0x118 ./Drivers/STM32F4xx_HAL_Driver/Src/stm32f4xx_hal_cortex.o
 .debug_aranges
                0x0000000000000348       0x90 ./Drivers/STM32F4xx_HAL_Driver/Src/stm32f4xx_hal_dma.o
 .debug_aranges
                0x00000000000003d8       0x58 ./Drivers/STM32F4xx_HAL_Driver/Src/stm32f4xx_hal_gpio.o
 .debug_aranges
                0x0000000000000430       0x88 ./Drivers/STM32F4xx_HAL_Driver/Src/stm32f4xx_hal_rcc.o
 .debug_aranges
                0x00000000000004b8      0x3d0 ./Drivers/STM32F4xx_HAL_Driver/Src/stm32f4xx_hal_tim.o
 .debug_aranges
                0x0000000000000888      0x168 ./Drivers/STM32F4xx_HAL_Driver/Src/stm32f4xx_hal_tim_ex.o
 .debug_aranges
                0x00000000000009f0      0x200 ./Drivers/STM32F4xx_HAL_Driver/Src/stm32f4xx_hal_uart.o
 .debug_aranges