TypedTextDatabase.cpp:133:1:void __static_initialization_and_destruction_0(int, int)	8	static
TypedTextDatabase.cpp:90:43:const touchgfx::TypedText::TypedTextData* TypedTextDatabase::getInstance(touchgfx::LanguageId)	0	static
TypedTextDatabase.cpp:95:10:uint16_t TypedTextDatabase::getInstanceSize()	0	static
TypedTextDatabase.cpp:100:24:const touchgfx::Font** TypedTextDatabase::getFonts()	0	static
TypedTextDatabase.cpp:105:23:const touchgfx::Font* TypedTextDatabase::setFont(touchgfx::FontId, const touchgfx::Font*)	0	static
TypedTextDatabase.cpp:112:6:void TypedTextDatabase::resetFont(touchgfx::FontId)	8	static
TypedTextDatabase.cpp:133:1:cpp)	8	static
