jchuff.c:269:1:dump_buffer_s	16	static
jchuff.c:284:1:dump_buffer_e	16	static
jchuff.c:1122:1:htest_one_block	48	static
jchuff.c:1197:1:encode_mcu_gather	40	static
jchuff.c:161:1:jpeg_make_c_derived_tbl	1328	static
jchuff.c:1451:1:start_pass_huff	32	static
jchuff.c:1256:1:jpeg_gen_optimal_table	2120	static
jchuff.c:440:1:emit_buffered_bits	32	static
jchuff.c:386:1:flush_bits_s	24	static
jchuff.c:490:1:emit_restart_s	16	static
jchuff.c:397:1:flush_bits_e	24	static
jchuff.c:916:1:encode_one_block	64	static
jchuff.c:1016:1:encode_mcu_huff	72	static
jchuff.c:459:1:emit_eobrun	24	static
jchuff.c:511:1:emit_restart_e	16	static
jchuff.c:541:1:encode_mcu_DC_first	48	static
jchuff.c:739:1:encode_mcu_DC_refine	40	static
jchuff.c:628:1:encode_mcu_AC_first	64	static
jchuff.c:786:1:encode_mcu_AC_refine	320	static
jchuff.c:1073:1:finish_pass_huff	64	static
jchuff.c:1397:1:finish_pass_gather	56	static
jchuff.c:1557:1:jinit_huff_encoder	8	static
