ModelListener.hpp:18:18:virtual void ModelListener::AC_Setnewvalue(short unsigned int)	0	static
SERVICE_VIEWPresenter.hpp:28:13:SERVICE_VIEWPresenter::~SERVICE_VIEWPresenter()	0	static
SERVICE_VIEWPresenter.cpp:10:6:virtual void SERVICE_VIEWPresenter::activate()	0	static
SERVICE_VIEWPresenter.hpp:28:13:virtual SERVICE_VIEWPresenter::~SERVICE_VIEWPresenter()	8	static
SERVICE_VIEWPresenter.hpp:28:13:virtual void* SERVICE_VIEWPresenter::_ZThn4_N21SERVICE_VIEWPresenterD1Ev()	0	static
SERVICE_VIEWPresenter.cpp:4:1:SERVICE_VIEWPresenter::SERVICE_VIEWPresenter(SERVICE_VIEWView&)	8	static
