Screen.hpp:104:18:virtual void touchgfx::Screen::afterTransition()	0	static
Screen.hpp:144:18:virtual void touchgfx::Screen::handleTickEvent()	0	static
Screen.hpp:154:18:virtual void touchgfx::Screen::handleKeyEvent(uint8_t)	0	static
SERVICE_VIEWView.hpp:11:13:SERVICE_VIEWView::~SERVICE_VIEWView()	0	static
SERVICE_VIEWView.cpp:13:6:virtual void SERVICE_VIEWView::tearDownScreen()	0	static
SERVICE_VIEWView.cpp:8:6:virtual void SERVICE_VIEWView::setupScreen()	0	static
SERVICE_VIEWView.hpp:11:13:virtual SERVICE_VIEWView::~SERVICE_VIEWView()	8	static
SERVICE_VIEWView.cpp:3:1:SERVICE_VIEWView::SERVICE_VIEWView()	8	static
