Modbus_Slave.c:140:6:SModbus_Init	8	static
Modbus_Slave.c:192:6:ModbusInit	24	static
Modbus_Slave.c:310:6:ModbusStart	16	static
Modbus_Slave.c:436:6:vTimerCallbackT35	32	static
Modbus_Slave.c:455:6:vTimerCallbackTimeout	24	static
Modbus_Slave.c:474:6:TCPwaitConnData	48	static
Modbus_Slave.c:579:7:TCPinitserver	24	static
Modbus_Slave.c:621:6:StartTaskModbusSlave	24	static
Modbus_Slave.c:773:6:ModbusCloseConn	16	static
Modbus_Slave.c:784:6:ModbusCloseConnNull	16	static
Modbus_Slave.c:812:8:SendQuery	24	static
Modbus_Slave.c:921:20:TCPconnectserver	24	static
Modbus_Slave.c:965:19:TCPgetRxBuffer	48	static
Modbus_Slave.c:1170:6:get_FC1	32	static
Modbus_Slave.c:1195:6:get_FC3	24	static
Modbus_Slave.c:1216:9:validateAnswer	24	static
Modbus_Slave.c:1271:9:getRxBuffer	24	static
Modbus_Slave.c:1312:9:validateRequest	24	static
Modbus_Slave.c:1417:10:word	24	static
Modbus_Slave.c:1435:6:buildException	24	static
Modbus_Slave.c:1461:13:sendTxBuffer	64	static
Modbus_Slave.c:1621:8:process_FC1	32	static
Modbus_Slave.c:1677:8:process_FC3	24	static
Modbus_Slave.c:1709:8:process_FC5	24	static
Modbus_Slave.c:1743:8:process_FC6	24	static
Modbus_Slave.c:1769:8:process_FC15	32	static
Modbus_Slave.c:1826:8:process_FC16	32	static
