Modbus_Master.c:108:6:MMaster_Init	8	static
Modbus_Master.c:136:6:Master_ModbusInit	24	static
Modbus_Master.c:238:6:Master_ModbusStart	16	static
Modbus_Master.c:349:6:Master_vTimerCallbackT35	32	static
Modbus_Master.c:368:6:Master_vTimerCallbackTimeout	24	static
Modbus_Master.c:398:8:SendQuery	24	static
Modbus_Master.c:512:6:get_FC1	32	static
Modbus_Master.c:537:6:get_FC3	32	static
Modbus_Master.c:558:9:validateAnswer	24	static
Modbus_Master.c:613:9:getRxBuffer	24	static
Modbus_Master.c:654:9:validateRequest	24	static
Modbus_Master.c:759:10:word	24	static
Modbus_Master.c:777:6:buildException	24	static
Modbus_Master.c:803:13:sendTxBuffer	40	static
Modbus_Master.c:963:8:process_FC1	32	static
Modbus_Master.c:1019:8:process_FC3	24	static
Modbus_Master.c:1051:8:process_FC5	24	static
Modbus_Master.c:1085:8:process_FC6	24	static
Modbus_Master.c:1115:8:process_FC15	32	static
Modbus_Master.c:1172:8:process_FC16	32	static
Modbus_Master.c:1436:6:StartTaskModbusMaster	80	static
