Modbus.c:123:6:RingAdd	16	static
Modbus.c:142:9:RingGetAllBytes	16	static
Modbus.c:148:9:RingGetNBytes	32	static
Modbus.c:166:9:RingCountBytes	16	static
Modbus.c:171:6:RingClear	16	static
Modbus.c:204:6:ModbusInit	24	static
Modbus.c:322:6:ModbusStart	16	static
Modbus.c:448:6:vTimerCallbackT35	32	static
Modbus.c:467:6:vTimerCallbackTimeout	24	static
Modbus.c:486:6:TCPwaitConnData	48	static
Modbus.c:591:7:TCPinitserver	24	static
Modbus.c:631:6:StartTaskModbusSlave	24	static
Modbus.c:781:6:ModbusQuery	16	static
Modbus.c:796:6:ModbusQueryInject	16	static
Modbus.c:806:6:ModbusCloseConn	16	static
Modbus.c:817:6:ModbusCloseConnNull	16	static
Modbus.c:845:8:SendQuery	24	static
Modbus.c:954:20:TCPconnectserver	24	static
Modbus.c:998:19:TCPgetRxBuffer	48	static
Modbus.c:1055:6:StartTaskModbusMaster	80	static
Modbus.c:1203:6:get_FC1	32	static
Modbus.c:1228:6:get_FC3	24	static
Modbus.c:1249:9:validateAnswer	24	static
Modbus.c:1304:9:getRxBuffer	24	static
Modbus.c:1345:9:validateRequest	24	static
Modbus.c:1450:10:word	24	static
Modbus.c:1468:10:calcCRC	32	static
Modbus.c:1501:6:buildException	24	static
Modbus.c:1527:13:sendTxBuffer	64	static
Modbus.c:1687:8:process_FC1	32	static
Modbus.c:1743:8:process_FC3	24	static
Modbus.c:1775:8:process_FC5	24	static
Modbus.c:1809:8:process_FC6	24	static
Modbus.c:1835:8:process_FC15	32	static
Modbus.c:1892:8:process_FC16	32	static
