jcmarker.c:109:1:emit_byte	8	static
jcmarker.c:123:1:emit_marker	16	static
jcmarker.c:132:1:emit_2bytes	16	static
jcmarker.c:145:1:emit_dqt	24	static
jcmarker.c:186:1:emit_dht	24	static
jcmarker.c:224:1:emit_dac	48	static
jcmarker.c:273:1:emit_dri	8	static
jcmarker.c:285:1:emit_sof	16	static
jcmarker.c:316:1:emit_sos	16	static
jcmarker.c:351:1:emit_pseudo_sos	8	static
jcmarker.c:367:1:emit_jfif_app0	8	static
jcmarker.c:402:1:emit_adobe_app14	8	static
jcmarker.c:456:1:write_marker_header	16	static
jcmarker.c:468:1:write_marker_byte	8	static
jcmarker.c:487:1:write_file_header	16	static
jcmarker.c:512:1:write_frame_header	24	static
jcmarker.c:576:1:write_scan_header	24	static
jcmarker.c:620:1:write_file_trailer	8	static
jcmarker.c:634:1:write_tables_only	16	static
jcmarker.c:663:1:jinit_marker_writer	8	static
