jdmarker.c:198:1:get_soi	8	static
jdmarker.c:238:1:get_sof	32	static
jdmarker.c:304:1:get_sos	48	static
jdmarker.c:378:1:get_dac	32	static
jdmarker.c:585:1:get_dri	24	static
jdmarker.c:621:1:examine_app0	16	static
jdmarker.c:697:1:examine_app14	16	static
jdmarker.c:728:1:get_interesting_appn	48	static
jdmarker.c:776:1:save_marker	48	static
jdmarker.c:882:1:skip_variable	24	static
jdmarker.c:911:1:next_marker	24	static
jdmarker.c:958:1:first_marker	32	static
jdmarker.c:1159:1:read_restart_marker	8	static
jdmarker.c:1288:1:reset_marker_reader	0	static
jdmarker.c:424:1:get_dht	328	static
jdmarker.c:495:1:get_dqt	56	static
jdmarker.c:994:1:read_markers	8	static
jdmarker.c:1238:1:jpeg_resync_to_restart	24	static
jdmarker.c:1308:1:jinit_marker_reader	8	static
jdmarker.c:1346:1:jpeg_save_markers	16	static
jdmarker.c:1395:1:jpeg_set_marker_processor	8	static
