Drawable.hpp:132:23:virtual touchgfx::Drawable* touchgfx::Drawable::getFirstChild()	0	static
Drawable.hpp:298:18:virtual void touchgfx::Drawable::setX(int16_t)	0	static
Drawable.hpp:310:18:virtual void touchgfx::Drawable::setY(int16_t)	0	static
Drawable.hpp:339:18:virtual void touchgfx::Drawable::setWidth(int16_t)	0	static
Drawable.hpp:351:18:virtual void touchgfx::Drawable::setHeight(int16_t)	0	static
Drawable.hpp:361:18:virtual void touchgfx::Drawable::childGeometryChanged()	0	static
Drawable.hpp:372:18:virtual void touchgfx::Drawable::handleClickEvent(const touchgfx::ClickEvent&)	0	static
Drawable.hpp:383:18:virtual void touchgfx::Drawable::handleGestureEvent(const touchgfx::GestureEvent&)	0	static
Drawable.hpp:471:18:virtual void touchgfx::Drawable::handleDragEvent(const touchgfx::DragEvent&)	0	static
Drawable.hpp:481:18:virtual void touchgfx::Drawable::handleTickEvent()	0	static
Drawable.hpp:568:18:virtual void touchgfx::Drawable::moveTo(int16_t, int16_t)	4	static
Drawable.hpp:683:18:virtual void touchgfx::Drawable::setupDrawChain(const touchgfx::Rect&, touchgfx::Drawable**)	0	static
Screen.hpp:93:18:virtual void touchgfx::Screen::setupScreen()	0	static
Screen.hpp:104:18:virtual void touchgfx::Screen::afterTransition()	0	static
Screen.hpp:115:18:virtual void touchgfx::Screen::tearDownScreen()	0	static
Screen.hpp:144:18:virtual void touchgfx::Screen::handleTickEvent()	0	static
Screen.hpp:154:18:virtual void touchgfx::Screen::handleKeyEvent(uint8_t)	0	static
Widget.hpp:47:18:virtual void touchgfx::Widget::getLastChild(int16_t, int16_t, touchgfx::Drawable**)	0	static
View.hpp:36:7:touchgfx::View<TIME_SETTINGPresenter>::~View()	0	static
TIME_SETTINGViewBase.hpp:20:13:TIME_SETTINGViewBase::~TIME_SETTINGViewBase()	0	static
TIME_SETTINGViewBase.hpp:26:18:virtual void TIME_SETTINGViewBase::Time_UpButton()	0	static
TIME_SETTINGViewBase.hpp:31:18:virtual void TIME_SETTINGViewBase::Time_DownButton()	0	static
TIME_SETTINGViewBase.hpp:36:18:virtual void TIME_SETTINGViewBase::Time_LeftButton()	0	static
TIME_SETTINGViewBase.hpp:41:18:virtual void TIME_SETTINGViewBase::Time_RightButton()	0	static
TIME_SETTINGViewBase.cpp:62:6:virtual void TIME_SETTINGViewBase::setupScreen()	0	static
Callback.hpp:357:8:touchgfx::Callback<TIME_SETTINGViewBase, const touchgfx::AbstractButton&>::~Callback()	0	static
Callback.hpp:386:18:void touchgfx::Callback<dest_type, T1, void, void>::execute(T1) [with dest_type = TIME_SETTINGViewBase; T1 = const touchgfx::AbstractButton&]	8	static
Callback.hpp:396:18:bool touchgfx::Callback<dest_type, T1, void, void>::isValid() const [with dest_type = TIME_SETTINGViewBase; T1 = const touchgfx::AbstractButton&]	0	static
Callback.hpp:357:8:virtual touchgfx::Callback<TIME_SETTINGViewBase, const touchgfx::AbstractButton&>::~Callback()	8	static
View.hpp:36:7:virtual touchgfx::View<TIME_SETTINGPresenter>::~View()	8	static
TIME_SETTINGViewBase.hpp:20:13:virtual TIME_SETTINGViewBase::~TIME_SETTINGViewBase()	8	static
TIME_SETTINGViewBase.cpp:67:6:void TIME_SETTINGViewBase::buttonCallbackHandler(const touchgfx::AbstractButton&)	8	static
Drawable.hpp:48:5:touchgfx::Drawable::Drawable()	0	static
Drawable.hpp:326:10:void touchgfx::Drawable::setXY(int16_t, int16_t)	16	static
Drawable.hpp:216:10:void touchgfx::Drawable::setPosition(int16_t, int16_t, int16_t, int16_t)	16	static
Button.hpp:34:5:touchgfx::Button::Button()	8	static
ButtonWithLabel.hpp:132:10:void touchgfx::ButtonWithLabel::updateTextPosition()	24	static
TIME_SETTINGViewBase.cpp:9:1:TIME_SETTINGViewBase::TIME_SETTINGViewBase()	72	static
