Screen.hpp:104:18:virtual void touchgfx::Screen::afterTransition()	0	static
Screen.hpp:144:18:virtual void touchgfx::Screen::handleTickEvent()	0	static
Screen.hpp:154:18:virtual void touchgfx::Screen::handleKeyEvent(uint8_t)	0	static
LIGHT_VIEWView.hpp:11:13:LIGHT_VIEWView::~LIGHT_VIEWView()	0	static
LIGHT_VIEWView.cpp:30:6:virtual void LIGHT_VIEWView::tearDownScreen()	0	static
LIGHT_VIEWView.cpp:35:6:virtual void LIGHT_VIEWView::Light_Updater(uint16_t)	0	static
LIGHT_VIEWView.cpp:40:6:virtual void LIGHT_VIEWView::LIGHT_Updater(uint16_t)	0	static
LIGHT_VIEWView.cpp:25:6:virtual void LIGHT_VIEWView::setupScreen()	8	static
LIGHT_VIEWView.cpp:45:6:virtual void LIGHT_VIEWView::Light_Button0()	8	static
LIGHT_VIEWView.cpp:62:6:virtual void LIGHT_VIEWView::Light_Button1()	8	static
LIGHT_VIEWView.cpp:78:6:virtual void LIGHT_VIEWView::Light_Button2()	8	static
LIGHT_VIEWView.cpp:95:6:virtual void LIGHT_VIEWView::Light_Button3()	8	static
LIGHT_VIEWView.cpp:111:6:virtual void LIGHT_VIEWView::Light_Button4()	8	static
LIGHT_VIEWView.cpp:127:6:virtual void LIGHT_VIEWView::LIGHT_Update_0(bool)	8	static
LIGHT_VIEWView.cpp:132:6:virtual void LIGHT_VIEWView::LIGHT_Update_1(bool)	8	static
LIGHT_VIEWView.cpp:137:6:virtual void LIGHT_VIEWView::LIGHT_Update_2(bool)	8	static
LIGHT_VIEWView.cpp:142:6:virtual void LIGHT_VIEWView::LIGHT_Update_3(bool)	8	static
LIGHT_VIEWView.cpp:147:6:virtual void LIGHT_VIEWView::LIGHT_Update_4(bool)	8	static
LIGHT_VIEWView.hpp:11:13:virtual LIGHT_VIEWView::~LIGHT_VIEWView()	8	static
LIGHT_VIEWView.cpp:20:1:LIGHT_VIEWView::LIGHT_VIEWView()	8	static
