Screen.hpp:104:18:virtual void touchgfx::Screen::afterTransition()	0	static
Screen.hpp:115:18:virtual void touchgfx::Screen::tearDownScreen()	0	static
Screen.hpp:144:18:virtual void touchgfx::Screen::handleTickEvent()	0	static
Screen.hpp:154:18:virtual void touchgfx::Screen::handleKeyEvent(uint8_t)	0	static
TypedText.hpp:65:13:touchgfx::TypedText::~TypedText()	0	static
SERVICE_VIEWViewBase.hpp:20:13:SERVICE_VIEWViewBase::~SERVICE_VIEWViewBase()	0	static
SERVICE_VIEWViewBase.cpp:74:6:virtual void SERVICE_VIEWViewBase::setupScreen()	0	static
SERVICE_VIEWViewBase.cpp:79:6:virtual void SERVICE_VIEWViewBase::action1()	0	static
SERVICE_VIEWViewBase.cpp:84:6:virtual void SERVICE_VIEWViewBase::action2()	0	static
Callback.hpp:357:8:touchgfx::Callback<SERVICE_VIEWViewBase, const touchgfx::AbstractButton&>::~Callback()	0	static
Callback.hpp:386:18:void touchgfx::Callback<dest_type, T1, void, void>::execute(T1) [with dest_type = SERVICE_VIEWViewBase; T1 = const touchgfx::AbstractButton&]	16	static
Callback.hpp:396:18:bool touchgfx::Callback<dest_type, T1, void, void>::isValid() const [with dest_type = SERVICE_VIEWViewBase; T1 = const touchgfx::AbstractButton&]	0	static
TypedText.hpp:65:13:virtual touchgfx::TypedText::~TypedText()	8	static
Callback.hpp:357:8:virtual touchgfx::Callback<SERVICE_VIEWViewBase, const touchgfx::AbstractButton&>::~Callback()	8	static
SERVICE_VIEWViewBase.hpp:20:13:virtual SERVICE_VIEWViewBase::~SERVICE_VIEWViewBase()	8	static
SERVICE_VIEWViewBase.cpp:89:6:void SERVICE_VIEWViewBase::buttonCallbackHandler(const touchgfx::AbstractButton&)	8	static
SERVICE_VIEWViewBase.cpp:9:1:SERVICE_VIEWViewBase::SERVICE_VIEWViewBase()	144	static
