Modbus_Slave.c:142:6:SModbus_Init	8	static
Modbus_Slave.c:210:6:ModbusInit	24	static
Modbus_Slave.c:328:6:ModbusStart	16	static
Modbus_Slave.c:454:6:vTimerCallbackT35	32	static
Modbus_Slave.c:473:6:vTimerCallbackTimeout	24	static
Modbus_Slave.c:639:6:StartTaskModbusSlave	24	static
Modbus_Slave.c:830:8:SendQuery	24	static
Modbus_Slave.c:1188:6:get_FC1	32	static
Modbus_Slave.c:1213:6:get_FC3	24	static
Modbus_Slave.c:1234:9:validateAnswer	24	static
Modbus_Slave.c:1289:9:getRxBuffer	24	static
Modbus_Slave.c:1330:9:validateRequest	24	static
Modbus_Slave.c:1435:10:word	24	static
Modbus_Slave.c:1453:6:buildException	24	static
Modbus_Slave.c:1479:13:sendTxBuffer	40	static
Modbus_Slave.c:1639:8:process_FC1	32	static
Modbus_Slave.c:1695:8:process_FC3	24	static
Modbus_Slave.c:1727:8:process_FC5	24	static
Modbus_Slave.c:1761:8:process_FC6	24	static
Modbus_Slave.c:1787:8:process_FC15	32	static
Modbus_Slave.c:1844:8:process_FC16	32	static
